Component: ARM Compiler 5.06 update 7 (build 960) Tool: armlink [4d3601]

==============================================================================

Section Cross References

    startup_stm32f103xb.o(STACK) refers (Special) to heapauxi.o(.text) for __use_two_region_memory
    startup_stm32f103xb.o(HEAP) refers (Special) to heapauxi.o(.text) for __use_two_region_memory
    startup_stm32f103xb.o(RESET) refers (Special) to heapauxi.o(.text) for __use_two_region_memory
    startup_stm32f103xb.o(RESET) refers to startup_stm32f103xb.o(STACK) for __initial_sp
    startup_stm32f103xb.o(RESET) refers to startup_stm32f103xb.o(.text) for Reset_Handler
    startup_stm32f103xb.o(RESET) refers to stm32f1xx_it.o(i.NMI_Handler) for NMI_Handler
    startup_stm32f103xb.o(RESET) refers to stm32f1xx_it.o(i.HardFault_Handler) for HardFault_Handler
    startup_stm32f103xb.o(RESET) refers to stm32f1xx_it.o(i.MemManage_Handler) for MemManage_Handler
    startup_stm32f103xb.o(RESET) refers to stm32f1xx_it.o(i.BusFault_Handler) for BusFault_Handler
    startup_stm32f103xb.o(RESET) refers to stm32f1xx_it.o(i.UsageFault_Handler) for UsageFault_Handler
    startup_stm32f103xb.o(RESET) refers to stm32f1xx_it.o(i.SVC_Handler) for SVC_Handler
    startup_stm32f103xb.o(RESET) refers to stm32f1xx_it.o(i.DebugMon_Handler) for DebugMon_Handler
    startup_stm32f103xb.o(RESET) refers to stm32f1xx_it.o(i.PendSV_Handler) for PendSV_Handler
    startup_stm32f103xb.o(RESET) refers to stm32f1xx_it.o(i.SysTick_Handler) for SysTick_Handler
    startup_stm32f103xb.o(.text) refers (Special) to heapauxi.o(.text) for __use_two_region_memory
    startup_stm32f103xb.o(.text) refers to system_stm32f1xx.o(i.SystemInit) for SystemInit
    startup_stm32f103xb.o(.text) refers to __main.o(!!!main) for __main
    startup_stm32f103xb.o(.text) refers to startup_stm32f103xb.o(HEAP) for Heap_Mem
    startup_stm32f103xb.o(.text) refers to startup_stm32f103xb.o(STACK) for Stack_Mem
    main.o(i.SystemClock_Config) refers to rt_memclr_w.o(.text) for __aeabi_memclr4
    main.o(i.SystemClock_Config) refers to stm32f1xx_hal_rcc.o(i.HAL_RCC_OscConfig) for HAL_RCC_OscConfig
    main.o(i.SystemClock_Config) refers to stm32f1xx_hal_rcc.o(i.HAL_RCC_ClockConfig) for HAL_RCC_ClockConfig
    main.o(i.main) refers to _printf_percent.o(.ARM.Collect$$_printf_percent$$00000000) for _printf_percent
    main.o(i.main) refers to _printf_s.o(.ARM.Collect$$_printf_percent$$00000014) for _printf_s
    main.o(i.main) refers to _printf_str.o(.text) for _printf_str
    main.o(i.main) refers to _printf_d.o(.ARM.Collect$$_printf_percent$$00000009) for _printf_d
    main.o(i.main) refers to _printf_dec.o(.text) for _printf_int_dec
    main.o(i.main) refers to stm32f1xx_hal.o(i.HAL_Init) for HAL_Init
    main.o(i.main) refers to main.o(i.SystemClock_Config) for SystemClock_Config
    main.o(i.main) refers to delay.o(i.delay_init) for delay_init
    main.o(i.main) refers to gpio.o(i.MX_GPIO_Init) for MX_GPIO_Init
    main.o(i.main) refers to usart.o(i.MX_USART1_UART_Init) for MX_USART1_UART_Init
    main.o(i.main) refers to tim.o(i.MX_TIM1_Init) for MX_TIM1_Init
    main.o(i.main) refers to stm32f1xx_hal_tim.o(i.HAL_TIM_PWM_Start) for HAL_TIM_PWM_Start
    main.o(i.main) refers to noretval__2printf.o(.text) for __2printf
    main.o(i.main) refers to vl53l0x_i2c_dev.o(i.VL53L0X_Init) for VL53L0X_Init
    main.o(i.main) refers to dflt_clz.o(x$fpl$dflt) for __aeabi_i2d
    main.o(i.main) refers to ddiv.o(x$fpl$ddiv) for __aeabi_ddiv
    main.o(i.main) refers to d2f.o(x$fpl$d2f) for __aeabi_d2f
    main.o(i.main) refers to vl53l0x_i2c_dev.o(i.VL53L0X_GetValue) for VL53L0X_GetValue
    main.o(i.main) refers to f2d.o(x$fpl$f2d) for __aeabi_f2d
    main.o(i.main) refers to stm32f1xx_hal.o(i.HAL_Delay) for HAL_Delay
    main.o(i.main) refers to stm32f1xx_hal_gpio.o(i.HAL_GPIO_ReadPin) for HAL_GPIO_ReadPin
    main.o(i.main) refers to tim.o(.bss) for htim1
    gpio.o(i.MX_GPIO_Init) refers to stm32f1xx_hal_gpio.o(i.HAL_GPIO_WritePin) for HAL_GPIO_WritePin
    gpio.o(i.MX_GPIO_Init) refers to stm32f1xx_hal_gpio.o(i.HAL_GPIO_Init) for HAL_GPIO_Init
    tim.o(i.HAL_TIM_MspPostInit) refers to stm32f1xx_hal_gpio.o(i.HAL_GPIO_Init) for HAL_GPIO_Init
    tim.o(i.MX_TIM1_Init) refers to rt_memclr_w.o(.text) for __aeabi_memclr4
    tim.o(i.MX_TIM1_Init) refers to stm32f1xx_hal_tim.o(i.HAL_TIM_PWM_Init) for HAL_TIM_PWM_Init
    tim.o(i.MX_TIM1_Init) refers to main.o(i.Error_Handler) for Error_Handler
    tim.o(i.MX_TIM1_Init) refers to stm32f1xx_hal_tim_ex.o(i.HAL_TIMEx_MasterConfigSynchronization) for HAL_TIMEx_MasterConfigSynchronization
    tim.o(i.MX_TIM1_Init) refers to stm32f1xx_hal_tim.o(i.HAL_TIM_PWM_ConfigChannel) for HAL_TIM_PWM_ConfigChannel
    tim.o(i.MX_TIM1_Init) refers to stm32f1xx_hal_tim_ex.o(i.HAL_TIMEx_ConfigBreakDeadTime) for HAL_TIMEx_ConfigBreakDeadTime
    tim.o(i.MX_TIM1_Init) refers to tim.o(i.HAL_TIM_MspPostInit) for HAL_TIM_MspPostInit
[...]
    i.HAL_GPIO_WritePin                      0x08000826   Section        0  stm32f1xx_hal_gpio.o(i.HAL_GPIO_WritePin)
    i.HAL_GetTick                            0x08000830   Section        0  stm32f1xx_hal.o(i.HAL_GetTick)
    i.HAL_IncTick                            0x0800083c   Section        0  stm32f1xx_hal.o(i.HAL_IncTick)
    i.HAL_Init                               0x0800084c   Section        0  stm32f1xx_hal.o(i.HAL_Init)
    i.HAL_InitTick                           0x08000870   Section        0  stm32f1xx_hal.o(i.HAL_InitTick)
    i.HAL_MspInit                            0x080008b0   Section        0  stm32f1xx_hal_msp.o(i.HAL_MspInit)
    i.HAL_NVIC_SetPriority                   0x080008ec   Section        0  stm32f1xx_hal_cortex.o(i.HAL_NVIC_SetPriority)
    i.HAL_NVIC_SetPriorityGrouping           0x0800092c   Section        0  stm32f1xx_hal_cortex.o(i.HAL_NVIC_SetPriorityGrouping)
    i.HAL_RCC_ClockConfig                    0x08000950   Section        0  stm32f1xx_hal_rcc.o(i.HAL_RCC_ClockConfig)
    i.HAL_RCC_GetPCLK1Freq                   0x08000a7c   Section        0  stm32f1xx_hal_rcc.o(i.HAL_RCC_GetPCLK1Freq)
    i.HAL_RCC_GetPCLK2Freq                   0x08000a9c   Section        0  stm32f1xx_hal_rcc.o(i.HAL_RCC_GetPCLK2Freq)
    i.HAL_RCC_GetSysClockFreq                0x08000abc   Section        0  stm32f1xx_hal_rcc.o(i.HAL_RCC_GetSysClockFreq)
    i.HAL_RCC_OscConfig                      0x08000b28   Section        0  stm32f1xx_hal_rcc.o(i.HAL_RCC_OscConfig)
    i.HAL_SYSTICK_CLKSourceConfig            0x08000e48   Section        0  stm32f1xx_hal_cortex.o(i.HAL_SYSTICK_CLKSourceConfig)
    i.HAL_SYSTICK_Config                     0x08000e60   Section        0  stm32f1xx_hal_cortex.o(i.HAL_SYSTICK_Config)
    i.HAL_TIMEx_ConfigBreakDeadTime          0x08000e88   Section        0  stm32f1xx_hal_tim_ex.o(i.HAL_TIMEx_ConfigBreakDeadTime)
    i.HAL_TIMEx_MasterConfigSynchronization  0x08000edc   Section        0  stm32f1xx_hal_tim_ex.o(i.HAL_TIMEx_MasterConfigSynchronization)
    i.HAL_TIM_MspPostInit                    0x08000f44   Section        0  tim.o(i.HAL_TIM_MspPostInit)
    i.HAL_TIM_PWM_ConfigChannel              0x08000f90   Section        0  stm32f1xx_hal_tim.o(i.HAL_TIM_PWM_ConfigChannel)
    i.HAL_TIM_PWM_Init                       0x08001056   Section        0  stm32f1xx_hal_tim.o(i.HAL_TIM_PWM_Init)
    i.HAL_TIM_PWM_MspInit                    0x080010b0   Section        0  tim.o(i.HAL_TIM_PWM_MspInit)
    i.HAL_TIM_PWM_Start                      0x080010d8   Section        0  stm32f1xx_hal_tim.o(i.HAL_TIM_PWM_Start)
    i.HAL_UART_Init                          0x08001174   Section        0  stm32f1xx_hal_uart.o(i.HAL_UART_Init)
    i.HAL_UART_MspInit                       0x080011d8   Section        0  usart.o(i.HAL_UART_MspInit)
    i.HardFault_Handler                      0x08001248   Section        0  stm32f1xx_it.o(i.HardFault_Handler)
    i.IIC_delay                              0x0800124a   Section        0  st_i2c.o(i.IIC_delay)
    IIC_delay                                0x0800124b   Thumb Code    26  st_i2c.o(i.IIC_delay)
    i.MX_GPIO_Init                           0x08001264   Section        0  gpio.o(i.MX_GPIO_Init)
    i.MX_TIM1_Init                           0x080012e8   Section        0  tim.o(i.MX_TIM1_Init)
    i.MX_USART1_UART_Init                    0x0800138c   Section        0  usart.o(i.MX_USART1_UART_Init)
    i.MemManage_Handler                      0x080013c4   Section        0  stm32f1xx_it.o(i.MemManage_Handler)
    i.NMI_Handler                            0x080013c6   Section        0  stm32f1xx_it.o(i.NMI_Handler)
    i.PendSV_Handler                         0x080013c8   Section        0  stm32f1xx_it.o(i.PendSV_Handler)
    i.ST_IIC_NAck                            0x080013cc   Section        0  st_i2c.o(i.ST_IIC_NAck)
    ST_IIC_NAck                              0x080013cd   Thumb Code    64  st_i2c.o(i.ST_IIC_NAck)
    i.ST_IIC_Read_Byte                       0x08001410   Section        0  st_i2c.o(i.ST_IIC_Read_Byte)
    ST_IIC_Read_Byte                         0x08001411   Thumb Code    86  st_i2c.o(i.ST_IIC_Read_Byte)
    i.ST_IIC_Send_Byte                       0x0800146c   Section        0  st_i2c.o(i.ST_IIC_Send_Byte)
    ST_IIC_Send_Byte                         0x0800146d   Thumb Code    84  st_i2c.o(i.ST_IIC_Send_Byte)
    i.ST_IIC_Start                           0x080014c4   Section        0  st_i2c.o(i.ST_IIC_Start)
    ST_IIC_Start                             0x080014c5   Thumb Code    86  st_i2c.o(i.ST_IIC_Start)
    i.ST_IIC_Stop                            0x08001520   Section        0  st_i2c.o(i.ST_IIC_Stop)
    ST_IIC_Stop                              0x08001521   Thumb Code    64  st_i2c.o(i.ST_IIC_Stop)
    i.ST_IIC_Wait_Ack                        0x08001564   Section        0  st_i2c.o(i.ST_IIC_Wait_Ack)
    ST_IIC_Wait_Ack                          0x08001565   Thumb Code    92  st_i2c.o(i.ST_IIC_Wait_Ack)
    i.ST_IICreadBytes                        0x080015c4   Section        0  st_i2c.o(i.ST_IICreadBytes)
    i.ST_IICwriteByte                        0x08001670   Section        0  st_i2c.o(i.ST_IICwriteByte)
    i.ST_IICwriteBytes                       0x0800167c   Section        0  st_i2c.o(i.ST_IICwriteBytes)
    i.SVC_Handler                            0x080016c0   Section        0  stm32f1xx_it.o(i.SVC_Handler)
    i.SysTick_Handler                        0x080016c2   Section        0  stm32f1xx_it.o(i.SysTick_Handler)
    i.SystemClock_Config                     0x080016c6   Section        0  main.o(i.SystemClock_Config)
    i.SystemInit                             0x08001724   Section        0  system_stm32f1xx.o(i.SystemInit)
    i.TIM_Base_SetConfig                     0x08001728   Section        0  stm32f1xx_hal_tim.o(i.TIM_Base_SetConfig)
    i.TIM_CCxChannelCmd                      0x08001794   Section        0  stm32f1xx_hal_tim.o(i.TIM_CCxChannelCmd)
    i.TIM_OC1_SetConfig                      0x080017b0   Section        0  stm32f1xx_hal_tim.o(i.TIM_OC1_SetConfig)
    TIM_OC1_SetConfig                        0x080017b1   Thumb Code    74  stm32f1xx_hal_tim.o(i.TIM_OC1_SetConfig)
    i.TIM_OC2_SetConfig                      0x08001800   Section        0  stm32f1xx_hal_tim.o(i.TIM_OC2_SetConfig)
    i.TIM_OC3_SetConfig                      0x08001858   Section        0  stm32f1xx_hal_tim.o(i.TIM_OC3_SetConfig)
    TIM_OC3_SetConfig                        0x08001859   Thumb Code    82  stm32f1xx_hal_tim.o(i.TIM_OC3_SetConfig)
    i.TIM_OC4_SetConfig                      0x080018b0   Section        0  stm32f1xx_hal_tim.o(i.TIM_OC4_SetConfig)
    TIM_OC4_SetConfig                        0x080018b1   Thumb Code    64  stm32f1xx_hal_tim.o(i.TIM_OC4_SetConfig)
    i.UART_SetConfig                         0x080018f4   Section        0  stm32f1xx_hal_uart.o(i.UART_SetConfig)
    UART_SetConfig                           0x080018f5   Thumb Code   178  stm32f1xx_hal_uart.o(i.UART_SetConfig)
    i.UsageFault_Handler                     0x080019ac   Section        0  stm32f1xx_it.o(i.UsageFault_Handler)
    i.VL53L0X_CheckAndLoadInterruptSettings  0x080019b0   Section        0  vl53l0x_api.o(i.VL53L0X_CheckAndLoadInterruptSettings)
    i.VL53L0X_ClearInterruptMask             0x08001a2c   Section        0  vl53l0x_api.o(i.VL53L0X_ClearInterruptMask)
    i.VL53L0X_DataInit                       0x08001a78   Section        0  vl53l0x_api.o(i.VL53L0X_DataInit)
    i.VL53L0X_GetDeviceParameters            0x08001c04   Section        0  vl53l0x_api.o(i.VL53L0X_GetDeviceParameters)
    i.VL53L0X_GetFractionEnable              0x08001c84   Section        0  vl53l0x_api.o(i.VL53L0X_GetFractionEnable)
    i.VL53L0X_GetInterMeasurementPeriodMilliSeconds 0x08001c9e   Section        0  vl53l0x_api.o(i.VL53L0X_GetInterMeasurementPeriodMilliSeconds)
    i.VL53L0X_GetInterruptMaskStatus         0x08001cd4   Section        0  vl53l0x_api.o(i.VL53L0X_GetInterruptMaskStatus)
    i.VL53L0X_GetInterruptThresholds         0x08001cf6   Section        0  vl53l0x_api.o(i.VL53L0X_GetInterruptThresholds)
    i.VL53L0X_GetLimitCheckEnable            0x08001d2a   Section        0  vl53l0x_api.o(i.VL53L0X_GetLimitCheckEnable)
    i.VL53L0X_GetLimitCheckValue             0x08001d44   Section        0  vl53l0x_api.o(i.VL53L0X_GetLimitCheckValue)
    i.VL53L0X_GetMeasurementDataReady        0x08001dbe   Section        0  vl53l0x_api.o(i.VL53L0X_GetMeasurementDataReady)
    i.VL53L0X_GetMeasurementTimingBudgetMicroSeconds 0x08001df8   Section        0  vl53l0x_api.o(i.VL53L0X_GetMeasurementTimingBudgetMicroSeconds)
    i.VL53L0X_GetOffsetCalibrationDataMicroMeter 0x08001dfc   Section        0  vl53l0x_api.o(i.VL53L0X_GetOffsetCalibrationDataMicroMeter)
    i.VL53L0X_GetRangingMeasurementData      0x08001e00   Section        0  vl53l0x_api.o(i.VL53L0X_GetRangingMeasurementData)
    i.VL53L0X_GetSequenceStepEnables         0x08001f2c   Section        0  vl53l0x_api.o(i.VL53L0X_GetSequenceStepEnables)
    i.VL53L0X_GetValue                       0x08001fa0   Section        0  vl53l0x_i2c_dev.o(i.VL53L0X_GetValue)
    i.VL53L0X_GetVcselPulsePeriod            0x08001fbc   Section        0  vl53l0x_api.o(i.VL53L0X_GetVcselPulsePeriod)
    i.VL53L0X_GetWrapAroundCheckEnable       0x08001fc0   Section        0  vl53l0x_api.o(i.VL53L0X_GetWrapAroundCheckEnable)
    i.VL53L0X_GetXTalkCompensationEnable     0x08001fec   Section        0  vl53l0x_api.o(i.VL53L0X_GetXTalkCompensationEnable)
    i.VL53L0X_GetXTalkCompensationRateMegaCps 0x08001ff6   Section        0  vl53l0x_api.o(i.VL53L0X_GetXTalkCompensationRateMegaCps)
    i.VL53L0X_Init                           0x08002024   Section        0  vl53l0x_i2c_dev.o(i.VL53L0X_Init)
    i.VL53L0X_PerformSingleMeasurement       0x0800205c   Section        0  vl53l0x_api.o(i.VL53L0X_PerformSingleMeasurement)
    i.VL53L0X_PerformSingleRangingMeasurement 0x0800207e   Section        0  vl53l0x_api.o(i.VL53L0X_PerformSingleRangingMeasurement)
    i.VL53L0X_PollingDelay                   0x080020b2   Section        0  vl53l0x_i2c_dev.o(i.VL53L0X_PollingDelay)
    i.VL53L0X_RdByte                         0x080020be   Section        0  vl53l0x_i2c_dev.o(i.VL53L0X_RdByte)
    i.VL53L0X_RdDWord                        0x080020d0   Section        0  vl53l0x_i2c_dev.o(i.VL53L0X_RdDWord)
    i.VL53L0X_RdWord                         0x080020fc   Section        0  vl53l0x_i2c_dev.o(i.VL53L0X_RdWord)
    i.VL53L0X_ReadMulti                      0x0800211c   Section        0  vl53l0x_i2c_dev.o(i.VL53L0X_ReadMulti)
    i.VL53L0X_SetDeviceAddress               0x08002130   Section        0  vl53l0x_api.o(i.VL53L0X_SetDeviceAddress)
    i.VL53L0X_SetDeviceMode                  0x08002138   Section        0  vl53l0x_api.o(i.VL53L0X_SetDeviceMode)
    i.VL53L0X_SetGpioConfig                  0x0800215c   Section        0  vl53l0x_api.o(i.VL53L0X_SetGpioConfig)
    i.VL53L0X_SetInterMeasurementPeriodMilliSeconds 0x08002294   Section        0  vl53l0x_api.o(i.VL53L0X_SetInterMeasurementPeriodMilliSeconds)
    i.VL53L0X_SetLimitCheckEnable            0x080022c4   Section        0  vl53l0x_api.o(i.VL53L0X_SetLimitCheckEnable)
    i.VL53L0X_SetLimitCheckValue             0x08002346   Section        0  vl53l0x_api.o(i.VL53L0X_SetLimitCheckValue)
    i.VL53L0X_SetMeasurementTimingBudgetMicroSeconds 0x08002396   Section        0  vl53l0x_api.o(i.VL53L0X_SetMeasurementTimingBudgetMicroSeconds)
    i.VL53L0X_SetPowerMode                   0x0800239a   Section        0  vl53l0x_api.o(i.VL53L0X_SetPowerMode)
    i.VL53L0X_SetSequenceStepEnable          0x080023e0   Section        0  vl53l0x_api.o(i.VL53L0X_SetSequenceStepEnable)
    i.VL53L0X_StartMeasurement               0x08002490   Section        0  vl53l0x_api.o(i.VL53L0X_StartMeasurement)
    i.VL53L0X_StaticInit                     0x08002564   Section        0  vl53l0x_api.o(i.VL53L0X_StaticInit)
    i.VL53L0X_UpdateByte                     0x080026d8   Section        0  vl53l0x_i2c_dev.o(i.VL53L0X_UpdateByte)
    i.VL53L0X_WrByte                         0x08002708   Section        0  vl53l0x_i2c_dev.o(i.VL53L0X_WrByte)
    i.VL53L0X_WrDWord                        0x08002716   Section        0  vl53l0x_i2c_dev.o(i.VL53L0X_WrDWord)
    i.VL53L0X_WrWord                         0x0800273e   Section        0  vl53l0x_i2c_dev.o(i.VL53L0X_WrWord)
    i.VL53L0X_WriteMulti                     0x0800275a   Section        0  vl53l0x_i2c_dev.o(i.VL53L0X_WriteMulti)
    i.VL53L0X_calc_dmax                      0x08002770   Section        0  vl53l0x_api_core.o(i.VL53L0X_calc_dmax)
    i.VL53L0X_calc_macro_period_ps           0x08002848   Section        0  vl53l0x_api_core.o(i.VL53L0X_calc_macro_period_ps)
    i.VL53L0X_calc_sigma_estimate            0x08002858   Section        0  vl53l0x_api_core.o(i.VL53L0X_calc_sigma_estimate)
    i.VL53L0X_calc_timeout_mclks             0x08002a80   Section        0  vl53l0x_api_core.o(i.VL53L0X_calc_timeout_mclks)
    i.VL53L0X_calc_timeout_us                0x08002aa2   Section        0  vl53l0x_api_core.o(i.VL53L0X_calc_timeout_us)
    i.VL53L0X_decode_timeout                 0x08002ac4   Section        0  vl53l0x_api_core.o(i.VL53L0X_decode_timeout)
    i.VL53L0X_decode_vcsel_period            0x08002ad0   Section        0  vl53l0x_api_core.o(i.VL53L0X_decode_vcsel_period)
    i.VL53L0X_device_read_strobe             0x08002ad8   Section        0  vl53l0x_api_core.o(i.VL53L0X_device_read_strobe)
    i.VL53L0X_encode_timeout                 0x08002b22   Section        0  vl53l0x_api_core.o(i.VL53L0X_encode_timeout)
    i.VL53L0X_get_info_from_device           0x08002b40   Section        0  vl53l0x_api_core.o(i.VL53L0X_get_info_from_device)
    i.VL53L0X_get_measurement_timing_budget_micro_seconds 0x08003068   Section        0  vl53l0x_api_core.o(i.VL53L0X_get_measurement_timing_budget_micro_seconds)
    i.VL53L0X_get_offset_calibration_data_micro_meter 0x0800312c   Section        0  vl53l0x_api_calibration.o(i.VL53L0X_get_offset_calibration_data_micro_meter)
    i.VL53L0X_get_pal_range_status           0x08003160   Section        0  vl53l0x_api_core.o(i.VL53L0X_get_pal_range_status)
    i.VL53L0X_get_total_signal_rate          0x08003346   Section        0  vl53l0x_api_core.o(i.VL53L0X_get_total_signal_rate)
    i.VL53L0X_get_total_xtalk_rate           0x08003362   Section        0  vl53l0x_api_core.o(i.VL53L0X_get_total_xtalk_rate)
    i.VL53L0X_get_vcsel_pulse_period         0x08003390   Section        0  vl53l0x_api_core.o(i.VL53L0X_get_vcsel_pulse_period)
    i.VL53L0X_isqrt                          0x080033c0   Section        0  vl53l0x_api_core.o(i.VL53L0X_isqrt)
    i.VL53L0X_load_tuning_settings           0x080033ec   Section        0  vl53l0x_api_core.o(i.VL53L0X_load_tuning_settings)
    i.VL53L0X_measurement_poll_for_completion 0x08003490   Section        0  vl53l0x_api_core.o(i.VL53L0X_measurement_poll_for_completion)
    i.VL53L0X_perform_phase_calibration      0x080034c6   Section        0  vl53l0x_api_calibration.o(i.VL53L0X_perform_phase_calibration)
    i.VL53L0X_perform_ref_calibration        0x0800353a   Section        0  vl53l0x_api_calibration.o(i.VL53L0X_perform_ref_calibration)
    i.VL53L0X_perform_ref_spad_management    0x0800357a   Section        0  vl53l0x_api_calibration.o(i.VL53L0X_perform_ref_spad_management)
    i.VL53L0X_perform_single_ref_calibration 0x08003798   Section        0  vl53l0x_api_calibration.o(i.VL53L0X_perform_single_ref_calibration)
    i.VL53L0X_perform_vhv_calibration        0x080037d0   Section        0  vl53l0x_api_calibration.o(i.VL53L0X_perform_vhv_calibration)
    i.VL53L0X_ref_calibration_io             0x08003844   Section        0  vl53l0x_api_calibration.o(i.VL53L0X_ref_calibration_io)
    i.VL53L0X_set_measurement_timing_budget_micro_seconds 0x080038f6   Section        0  vl53l0x_api_core.o(i.VL53L0X_set_measurement_timing_budget_micro_seconds)
    i.VL53L0X_set_reference_spads            0x080039b8   Section        0  vl53l0x_api_calibration.o(i.VL53L0X_set_reference_spads)
    i.__NVIC_SetPriority                     0x08003a5e   Section        0  stm32f1xx_hal_cortex.o(i.__NVIC_SetPriority)
    __NVIC_SetPriority                       0x08003a5f   Thumb Code    32  stm32f1xx_hal_cortex.o(i.__NVIC_SetPriority)
    i._sys_exit                              0x08003a7e   Section        0  usart.o(i._sys_exit)
    i.delay_init                             0x08003a80   Section        0  delay.o(i.delay_init)
    i.delay_ms                               0x08003a94   Section        0  delay.o(i.delay_ms)
    i.delay_us                               0x08003ab0   Section        0  delay.o(i.delay_us)
    i.enable_ref_spads                       0x08003ae4   Section        0  vl53l0x_api_calibration.o(i.enable_ref_spads)
    i.enable_spad_bit                        0x08003b78   Section        0  vl53l0x_api_calibration.o(i.enable_spad_bit)
    i.fputc                                  0x08003ba4   Section        0  usart.o(i.fputc)
    i.get_next_good_spad                     0x08003bbc   Section        0  vl53l0x_api_calibration.o(i.get_next_good_spad)
    i.get_ref_spad_map                       0x08003c18   Section        0  vl53l0x_api_calibration.o(i.get_ref_spad_map)
    i.get_sequence_step_timeout              0x08003c22   Section        0  vl53l0x_api_core.o(i.get_sequence_step_timeout)
    i.is_aperture                            0x08003d14   Section        0  vl53l0x_api_calibration.o(i.is_aperture)
    i.main                                   0x08003d2c   Section        0  main.o(i.main)
    i.perform_ref_signal_measurement         0x08003e7c   Section        0  vl53l0x_api_calibration.o(i.perform_ref_signal_measurement)
    i.sequence_step_enabled                  0x08003ee0   Section        0  vl53l0x_api.o(i.sequence_step_enabled)
    i.set_ref_spad_map                       0x08003f18   Section        0  vl53l0x_api_calibration.o(i.set_ref_spad_map)
    i.set_sequence_step_timeout              0x08003f22   Section        0  vl53l0x_api_core.o(i.set_sequence_step_timeout)
    x$fpl$d2f                                0x08004024   Section       98  d2f.o(x$fpl$d2f)
    x$fpl$ddiv                               0x08004088   Section      688  ddiv.o(x$fpl$ddiv)
    ddiv_entry                               0x0800408f   Thumb Code     0  ddiv.o(x$fpl$ddiv)
    x$fpl$dflt                               0x08004338   Section       46  dflt_clz.o(x$fpl$dflt)
    x$fpl$dnaninf                            0x08004366   Section      156  dnaninf.o(x$fpl$dnaninf)
    x$fpl$dretinf                            0x08004402   Section       12  dretinf.o(x$fpl$dretinf)
    x$fpl$f2d                                0x08004410   Section       86  f2d.o(x$fpl$f2d)
    x$fpl$fnaninf                            0x08004466   Section      140  fnaninf.o(x$fpl$fnaninf)
    x$fpl$fretinf                            0x080044f2   Section       10  fretinf.o(x$fpl$fretinf)
    .constdata                               0x080044fc   Section       16  system_stm32f1xx.o(.constdata)
    x$fpl$usenofp                            0x080044fc   Section        0  usenofp.o(x$fpl$usenofp)
    .constdata                               0x0800450c   Section        8  system_stm32f1xx.o(.constdata)
    .data                                    0x20000000   Section        4  usart.o(.data)
    .data                                    0x20000004   Section       12  stm32f1xx_hal.o(.data)
    .data                                    0x20000010   Section        4  system_stm32f1xx.o(.data)
    .data                                    0x20000014   Section      681  vl53l0x_api.o(.data)
    .data                                    0x200002c0   Section       16  vl53l0x_api_calibration.o(.data)
    .data                                    0x200002d0   Section        8  vl53l0x_i2c_dev.o(.data)
    TestDev                                  0x200002d0   Data           4  vl53l0x_i2c_dev.o(.data)
    TestData                                 0x200002d4   Data           4  vl53l0x_i2c_dev.o(.data)
    .data                                    0x200002d8   Section        4  delay.o(.data)
    fac_us                                   0x200002d8   Data           4  delay.o(.data)
    .bss                                     0x200002dc   Section       72  tim.o(.bss)
    .bss                                     0x20000324   Section       68  usart.o(.bss)
    .bss                                     0x20000368   Section      352  vl53l0x_i2c_dev.o(.bss)
    TestDev_s                                0x20000368   Data         352  vl53l0x_i2c_dev.o(.bss)
    .bss                                     0x200004c8   Section       28  vl53l0x_i2c_dev.o(.bss)
    TestData_s                               0x200004c8   Data          28  vl53l0x_i2c_dev.o(.bss)
    .bss                                     0x200004e4   Section       96  libspace.o(.bss)
    HEAP                                     0x20000548   Section      512  startup_stm32f103xb.o(HEAP)
    Heap_Mem                                 0x20000548   Data         512  startup_stm32f103xb.o(HEAP)
    STACK                                    0x20000748   Section     1024  startup_stm32f103xb.o(STACK)
    Stack_Mem                                0x20000748   Data        1024  startup_stm32f103xb.o(STACK)
    __initial_sp                             0x20000b48   Data           0  startup_stm32f103xb.o(STACK)

    Global Symbols

    Symbol Name                              Value     Ov Type        Size  Object(Section)

    BuildAttributes$$THM_ISAv4$P$D$K$B$S$PE$A:L22UL41UL21$X:L11$S22US41US21$IEEE1$IW$USESV6$~STKCKD$USESV7$~SHL$OSPACE$ROPI$EBA8$UX$STANDARDLIB$REQ8$PRES8$EABIv2 0x00000000   Number         0  anon$$obj.o ABSOLUTE
    __ARM_use_no_argv                        0x00000000   Number         0  main.o ABSOLUTE
    __ARM_exceptions_init                     - Undefined Weak Reference
    __alloca_initialize                       - Undefined Weak Reference
    __arm_fini_                               - Undefined Weak Reference
    __arm_preinit_                            - Undefined Weak Reference
    __cpp_initialize__aeabi_                  - Undefined Weak Reference
    __cxa_finalize                            - Undefined Weak Reference
    __rt_locale                               - Undefined Weak Reference
    __sigvec_lookup                           - Undefined Weak Reference
    _atexit_init                              - Undefined Weak Reference
    _call_atexit_fns                          - Undefined Weak Reference
    _clock_init                               - Undefined Weak Reference
    _fp_trap_init                             - Undefined Weak Reference
    _fp_trap_shutdown                         - Undefined Weak Reference
    _get_lc_collate                           - Undefined Weak Reference
    _get_lc_ctype                             - Undefined Weak Reference
    _get_lc_monetary                          - Undefined Weak Reference
    _get_lc_numeric                           - Undefined Weak Reference
    _get_lc_time                              - Undefined Weak Reference
    _getenv_init                              - Undefined Weak Reference
    _handle_redirection                       - Undefined Weak Reference
    _init_alloc                               - Undefined Weak Reference
    _init_user_alloc                          - Undefined Weak Reference
    _initio                                   - Undefined Weak Reference
    _mutex_acquire                            - Undefined Weak Reference
    _mutex_release                            - Undefined Weak Reference
    _printf_mbtowc                            - Undefined Weak Reference
    _printf_post_padding                      - Undefined Weak Reference
    _printf_pre_padding                       - Undefined Weak Reference
    _printf_truncate_signed                   - Undefined Weak Reference
    _printf_truncate_unsigned                 - Undefined Weak Reference
    _rand_init                                - Undefined Weak Reference
    _signal_finish                            - Undefined Weak Reference
    _signal_init                              - Undefined Weak Reference
    _terminate_alloc                          - Undefined Weak Reference
    _terminate_user_alloc                     - Undefined Weak Reference
    _terminateio                              - Undefined Weak Reference
    __Vectors_Size                           0x000000ec   Number         0  startup_stm32f103xb.o ABSOLUTE
    __Vectors                                0x08000000   Data           4  startup_stm32f103xb.o(RESET)
    __Vectors_End                            0x080000ec   Data           0  startup_stm32f103xb.o(RESET)
    __main                                   0x080000ed   Thumb Code     8  __main.o(!!!main)
    __scatterload                            0x080000f5   Thumb Code     0  __scatter.o(!!!scatter)
    __scatterload_rt2                        0x080000f5   Thumb Code    44  __scatter.o(!!!scatter)
    __scatterload_rt2_thumb_only             0x080000f5   Thumb Code     0  __scatter.o(!!!scatter)
    __scatterload_null                       0x08000103   Thumb Code     0  __scatter.o(!!!scatter)
    __decompress                             0x08000129   Thumb Code   100  __dclz77c.o(!!dclz77c)
    __decompress2                            0x08000129   Thumb Code     0  __dclz77c.o(!!dclz77c)
    __scatterload_zeroinit                   0x0800018d   Thumb Code    28  __scatter_zi.o(!!handler_zi)
    _printf_d                                0x080001a9   Thumb Code     0  _printf_d.o(.ARM.Collect$$_printf_percent$$00000009)
    _printf_percent                          0x080001a9   Thumb Code     0  _printf_percent.o(.ARM.Collect$$_printf_percent$$00000000)
    _printf_s                                0x080001af   Thumb Code     0  _printf_s.o(.ARM.Collect$$_printf_percent$$00000014)
    _printf_percent_end                      0x080001b5   Thumb Code     0  _printf_percent_end.o(.ARM.Collect$$_printf_percent$$00000017)
    __rt_lib_init                            0x080001b9   Thumb Code     0  libinit.o(.ARM.Collect$$libinit$$00000000)
    __rt_lib_init_alloca_1                   0x080001bb   Thumb Code     0  libinit2.o(.ARM.Collect$$libinit$$0000002E)
    __rt_lib_init_argv_1                     0x080001bb   Thumb Code     0  libinit2.o(.ARM.Collect$$libinit$$0000002C)
    __rt_lib_init_atexit_1                   0x080001bb   Thumb Code     0  libinit2.o(.ARM.Collect$$libinit$$0000001B)
    __rt_lib_init_clock_1                    0x080001bb   Thumb Code     0  libinit2.o(.ARM.Collect$$libinit$$00000021)
    __rt_lib_init_cpp_1                      0x080001bb   Thumb Code     0  libinit2.o(.ARM.Collect$$libinit$$00000032)
    __rt_lib_init_exceptions_1               0x080001bb   Thumb Code     0  libinit2.o(.ARM.Collect$$libinit$$00000030)
    __rt_lib_init_fp_1                       0x080001bb   Thumb Code     0  libinit2.o(.ARM.Collect$$libinit$$00000002)
    __rt_lib_init_fp_trap_1                  0x080001bb   Thumb Code     0  libinit2.o(.ARM.Collect$$libinit$$0000001F)
    __rt_lib_init_getenv_1                   0x080001bb   Thumb Code     0  libinit2.o(.ARM.Collect$$libinit$$00000023)
    __rt_lib_init_heap_1                     0x080001bb   Thumb Code     0  libinit2.o(.ARM.Collect$$libinit$$0000000A)
    __rt_lib_init_lc_collate_1               0x080001bb   Thumb Code     0  libinit2.o(.ARM.Collect$$libinit$$00000011)
    __rt_lib_init_lc_ctype_1                 0x080001bb   Thumb Code     0  libinit2.o(.ARM.Collect$$libinit$$00000013)
    __rt_lib_init_lc_monetary_1              0x080001bb   Thumb Code     0  libinit2.o(.ARM.Collect$$libinit$$00000015)
    __rt_lib_init_lc_numeric_1               0x080001bb   Thumb Code     0  libinit2.o(.ARM.Collect$$libinit$$00000017)
    __rt_lib_init_lc_time_1                  0x080001bb   Thumb Code     0  libinit2.o(.ARM.Collect$$libinit$$00000019)
    __rt_lib_init_preinit_1                  0x080001bb   Thumb Code     0  libinit2.o(.ARM.Collect$$libinit$$00000004)
    __rt_lib_init_rand_1                     0x080001bb   Thumb Code     0  libinit2.o(.ARM.Collect$$libinit$$0000000E)
    __rt_lib_init_return                     0x080001bb   Thumb Code     0  libinit2.o(.ARM.Collect$$libinit$$00000033)
    __rt_lib_init_signal_1                   0x080001bb   Thumb Code     0  libinit2.o(.ARM.Collect$$libinit$$0000001D)
    __rt_lib_init_stdio_1                    0x080001bb   Thumb Code     0  libinit2.o(.ARM.Collect$$libinit$$00000025)
    __rt_lib_init_user_alloc_1               0x080001bb   Thumb Code     0  libinit2.o(.ARM.Collect$$libinit$$0000000C)
    __rt_lib_shutdown                        0x080001bd   Thumb Code     0  libshutdown.o(.ARM.Collect$$libshutdown$$00000000)
    __rt_lib_shutdown_cpp_1                  0x080001bf   Thumb Code     0  libshutdown2.o(.ARM.Collect$$libshutdown$$00000004)
    __rt_lib_shutdown_fini_1                 0x080001bf   Thumb Code     0  libshutdown2.o(.ARM.Collect$$libshutdown$$00000002)
    __rt_lib_shutdown_fp_trap_1              0x080001bf   Thumb Code     0  libshutdown2.o(.ARM.Collect$$libshutdown$$00000009)
    __rt_lib_shutdown_heap_1                 0x080001bf   Thumb Code     0  libshutdown2.o(.ARM.Collect$$libshutdown$$00000011)
    __rt_lib_shutdown_return                 0x080001bf   Thumb Code     0  libshutdown2.o(.ARM.Collect$$libshutdown$$00000012)
    __rt_lib_shutdown_signal_1               0x080001bf   Thumb Code     0  libshutdown2.o(.ARM.Collect$$libshutdown$$0000000C)
    __rt_lib_shutdown_stdio_1                0x080001bf   Thumb Code     0  libshutdown2.o(.ARM.Collect$$libshutdown$$00000006)
    __rt_lib_shutdown_user_alloc_1           0x080001bf   Thumb Code     0  libshutdown2.o(.ARM.Collect$$libshutdown$$0000000E)
    __rt_entry                               0x080001c1   Thumb Code     0  __rtentry.o(.ARM.Collect$$rtentry$$00000000)
    __rt_entry_presh_1                       0x080001c1   Thumb Code     0  __rtentry2.o(.ARM.Collect$$rtentry$$00000002)
    __rt_entry_sh                            0x080001c1   Thumb Code     0  __rtentry4.o(.ARM.Collect$$rtentry$$00000004)
    __rt_entry_li                            0x080001c7   Thumb Code     0  __rtentry2.o(.ARM.Collect$$rtentry$$0000000A)
    __rt_entry_postsh_1                      0x080001c7   Thumb Code     0  __rtentry2.o(.ARM.Collect$$rtentry$$00000009)
    __rt_entry_main                          0x080001cb   Thumb Code     0  __rtentry2.o(.ARM.Collect$$rtentry$$0000000D)
    __rt_entry_postli_1                      0x080001cb   Thumb Code     0  __rtentry2.o(.ARM.Collect$$rtentry$$0000000C)
    __rt_exit                                0x080001d3   Thumb Code     0  rtexit.o(.ARM.Collect$$rtexit$$00000000)
    __rt_exit_ls                             0x080001d5   Thumb Code     0  rtexit2.o(.ARM.Collect$$rtexit$$00000003)
    __rt_exit_prels_1                        0x080001d5   Thumb Code     0  rtexit2.o(.ARM.Collect$$rtexit$$00000002)
    __rt_exit_exit                           0x080001d9   Thumb Code     0  rtexit2.o(.ARM.Collect$$rtexit$$00000004)
    Reset_Handler                            0x080001e1   Thumb Code     8  startup_stm32f103xb.o(.text)
    ADC1_2_IRQHandler                        0x080001fb   Thumb Code     0  startup_stm32f103xb.o(.text)
    CAN1_RX1_IRQHandler                      0x080001fb   Thumb Code     0  startup_stm32f103xb.o(.text)
    CAN1_SCE_IRQHandler                      0x080001fb   Thumb Code     0  startup_stm32f103xb.o(.text)
    DMA1_Channel1_IRQHandler                 0x080001fb   Thumb Code     0  startup_stm32f103xb.o(.text)
    DMA1_Channel2_IRQHandler                 0x080001fb   Thumb Code     0  startup_stm32f103xb.o(.text)
    DMA1_Channel3_IRQHandler                 0x080001fb   Thumb Code     0  startup_stm32f103xb.o(.text)
    DMA1_Channel4_IRQHandler                 0x080001fb   Thumb Code     0  startup_stm32f103xb.o(.text)
    DMA1_Channel5_IRQHandler                 0x080001fb   Thumb Code     0  startup_stm32f103xb.o(.text)
    DMA1_Channel6_IRQHandler                 0x080001fb   Thumb Code     0  startup_stm32f103xb.o(.text)
    DMA1_Channel7_IRQHandler                 0x080001fb   Thumb Code     0  startup_stm32f103xb.o(.text)
    EXTI0_IRQHandler                         0x080001fb   Thumb Code     0  startup_stm32f103xb.o(.text)
    EXTI15_10_IRQHandler                     0x080001fb   Thumb Code     0  startup_stm32f103xb.o(.text)
    EXTI1_IRQHandler                         0x080001fb   Thumb Code     0  startup_stm32f103xb.o(.text)
    EXTI2_IRQHandler                         0x080001fb   Thumb Code     0  startup_stm32f103xb.o(.text)
    EXTI3_IRQHandler                         0x080001fb   Thumb Code     0  startup_stm32f103xb.o(.text)
    EXTI4_IRQHandler                         0x080001fb   Thumb Code     0  startup_stm32f103xb.o(.text)
    EXTI9_5_IRQHandler                       0x080001fb   Thumb Code     0  startup_stm32f103xb.o(.text)
    FLASH_IRQHandler                         0x080001fb   Thumb Code     0  startup_stm32f103xb.o(.text)
    I2C1_ER_IRQHandler                       0x080001fb   Thumb Code     0  startup_stm32f103xb.o(.text)
    I2C1_EV_IRQHandler                       0x080001fb   Thumb Code     0  startup_stm32f103xb.o(.text)
    I2C2_ER_IRQHandler                       0x080001fb   Thumb Code     0  startup_stm32f103xb.o(.text)
    I2C2_EV_IRQHandler                       0x080001fb   Thumb Code     0  startup_stm32f103xb.o(.text)
    PVD_IRQHandler                           0x080001fb   Thumb Code     0  startup_stm32f103xb.o(.text)
    RCC_IRQHandler                           0x080001fb   Thumb Code     0  startup_stm32f103xb.o(.text)
    RTC_Alarm_IRQHandler                     0x080001fb   Thumb Code     0  startup_stm32f103xb.o(.text)
    RTC_IRQHandler                           0x080001fb   Thumb Code     0  startup_stm32f103xb.o(.text)
    SPI1_IRQHandler                          0x080001fb   Thumb Code     0  startup_stm32f103xb.o(.text)
    SPI2_IRQHandler                          0x080001fb   Thumb Code     0  startup_stm32f103xb.o(.text)
    TAMPER_IRQHandler                        0x080001fb   Thumb Code     0  startup_stm32f103xb.o(.text)
    TIM1_BRK_IRQHandler                      0x080001fb   Thumb Code     0  startup_stm32f103xb.o(.text)
    TIM1_CC_IRQHandler                       0x080001fb   Thumb Code     0  startup_stm32f103xb.o(.text)
    TIM1_TRG_COM_IRQHandler                  0x080001fb   Thumb Code     0  startup_stm32f103xb.o(.text)
    TIM1_UP_IRQHandler                       0x080001fb   Thumb Code     0  startup_stm32f103xb.o(.text)
    TIM2_IRQHandler                          0x080001fb   Thumb Code     0  startup_stm32f103xb.o(.text)
    TIM3_IRQHandler                          0x080001fb   Thumb Code     0  startup_stm32f103xb.o(.text)
    TIM4_IRQHandler                          0x080001fb   Thumb Code     0  startup_stm32f103xb.o(.text)
    USART1_IRQHandler                        0x080001fb   Thumb Code     0  startup_stm32f103xb.o(.text)
    USART2_IRQHandler                        0x080001fb   Thumb Code     0  startup_stm32f103xb.o(.text)
    USART3_IRQHandler                        0x080001fb   Thumb Code     0  startup_stm32f103xb.o(.text)
    USBWakeUp_IRQHandler                     0x080001fb   Thumb Code     0  startup_stm32f103xb.o(.text)
    USB_HP_CAN1_TX_IRQHandler                0x080001fb   Thumb Code     0  startup_stm32f103xb.o(.text)
    USB_LP_CAN1_RX0_IRQHandler               0x080001fb   Thumb Code     0  startup_stm32f103xb.o(.text)
    WWDG_IRQHandler                          0x080001fb   Thumb Code     0  startup_stm32f103xb.o(.text)
    __user_initial_stackheap                 0x080001fd   Thumb Code     0  startup_stm32f103xb.o(.text)
    __use_no_semihosting                     0x08000221   Thumb Code     2  use_no_semi_2.o(.text)
    __2printf                                0x08000225   Thumb Code    20  noretval__2printf.o(.text)
    __printf                                 0x0800023d   Thumb Code   104  __printf.o(.text)
    _printf_str                              0x080002a5   Thumb Code    82  _printf_str.o(.text)
    _printf_int_dec                          0x080002f9   Thumb Code   104  _printf_dec.o(.text)
    strcpy                                   0x08000371   Thumb Code    72  strcpy.o(.text)
    __aeabi_memcpy4                          0x080003b9   Thumb Code     0  rt_memcpy_w.o(.text)
    __aeabi_memcpy8                          0x080003b9   Thumb Code     0  rt_memcpy_w.o(.text)
    __rt_memcpy_w                            0x080003b9   Thumb Code   100  rt_memcpy_w.o(.text)
    _memcpy_lastbytes_aligned                0x08000401   Thumb Code     0  rt_memcpy_w.o(.text)
    __aeabi_memclr4                          0x0800041d   Thumb Code     0  rt_memclr_w.o(.text)
    __aeabi_memclr8                          0x0800041d   Thumb Code     0  rt_memclr_w.o(.text)
    __rt_memclr_w                            0x0800041d   Thumb Code    78  rt_memclr_w.o(.text)
    _memset_w                                0x08000421   Thumb Code     0  rt_memclr_w.o(.text)
    __use_two_region_memory                  0x0800046b   Thumb Code     2  heapauxi.o(.text)
    __rt_heap_escrow$2region                 0x0800046d   Thumb Code     2  heapauxi.o(.text)
    __rt_heap_expand$2region                 0x0800046f   Thumb Code     2  heapauxi.o(.text)
    __I$use$semihosting                      0x08000471   Thumb Code     0  use_no_semi.o(.text)
    __use_no_semihosting_swi                 0x08000471   Thumb Code     2  use_no_semi.o(.text)
    _printf_int_common                       0x08000473   Thumb Code   178  _printf_intcommon.o(.text)
    _printf_cs_common                        0x08000525   Thumb Code    20  _printf_char.o(.text)
    _printf_char                             0x08000539   Thumb Code    16  _printf_char.o(.text)
    _printf_string                           0x08000549   Thumb Code     8  _printf_char.o(.text)
    _printf_char_file                        0x08000551   Thumb Code    32  _printf_char_file.o(.text)
    _printf_char_common                      0x0800057f   Thumb Code    32  _printf_char_common.o(.text)
    ferror                                   0x080005a5   Thumb Code     8  ferror.o(.text)
    __user_setup_stackheap                   0x080005ad   Thumb Code    74  sys_stackheap_outer.o(.text)
    exit                                     0x080005f7   Thumb Code    18  exit.o(.text)
    __user_libspace                          0x08000609   Thumb Code     8  libspace.o(.text)
    __user_perproc_libspace                  0x08000609   Thumb Code     0  libspace.o(.text)
    __user_perthread_libspace                0x08000609   Thumb Code     0  libspace.o(.text)
    BusFault_Handler                         0x08000611   Thumb Code     2  stm32f1xx_it.o(i.BusFault_Handler)
    DebugMon_Handler                         0x08000613   Thumb Code     2  stm32f1xx_it.o(i.DebugMon_Handler)
    Error_Handler                            0x08000615   Thumb Code     4  main.o(i.Error_Handler)
    HAL_Delay                                0x08000619   Thumb Code    32  stm32f1xx_hal.o(i.HAL_Delay)
    HAL_GPIO_Init                            0x0800063d   Thumb Code   446  stm32f1xx_hal_gpio.o(i.HAL_GPIO_Init)
    HAL_GPIO_ReadPin                         0x0800081d   Thumb Code    10  stm32f1xx_hal_gpio.o(i.HAL_GPIO_ReadPin)
    HAL_GPIO_WritePin                        0x08000827   Thumb Code    10  stm32f1xx_hal_gpio.o(i.HAL_GPIO_WritePin)
    HAL_GetTick                              0x08000831   Thumb Code     6  stm32f1xx_hal.o(i.HAL_GetTick)
    HAL_IncTick                              0x0800083d   Thumb Code    12  stm32f1xx_hal.o(i.HAL_IncTick)
    HAL_Init                                 0x0800084d   Thumb Code    32  stm32f1xx_hal.o(i.HAL_Init)
    HAL_InitTick                             0x08000871   Thumb Code    54  stm32f1xx_hal.o(i.HAL_InitTick)
    HAL_MspInit                              0x080008b1   Thumb Code    52  stm32f1xx_hal_msp.o(i.HAL_MspInit)
    HAL_NVIC_SetPriority                     0x080008ed   Thumb Code    60  stm32f1xx_hal_cortex.o(i.HAL_NVIC_SetPriority)
    HAL_NVIC_SetPriorityGrouping             0x0800092d   Thumb Code    26  stm32f1xx_hal_cortex.o(i.HAL_NVIC_SetPriorityGrouping)
    HAL_RCC_ClockConfig                      0x08000951   Thumb Code   280  stm32f1xx_hal_rcc.o(i.HAL_RCC_ClockConfig)
    HAL_RCC_GetPCLK1Freq                     0x08000a7d   Thumb Code    20  stm32f1xx_hal_rcc.o(i.HAL_RCC_GetPCLK1Freq)
    HAL_RCC_GetPCLK2Freq                     0x08000a9d   Thumb Code    20  stm32f1xx_hal_rcc.o(i.HAL_RCC_GetPCLK2Freq)
    HAL_RCC_GetSysClockFreq                  0x08000abd   Thumb Code    74  stm32f1xx_hal_rcc.o(i.HAL_RCC_GetSysClockFreq)
    HAL_RCC_OscConfig                        0x08000b29   Thumb Code   778  stm32f1xx_hal_rcc.o(i.HAL_RCC_OscConfig)
    HAL_SYSTICK_CLKSourceConfig              0x08000e49   Thumb Code    24  stm32f1xx_hal_cortex.o(i.HAL_SYSTICK_CLKSourceConfig)
    HAL_SYSTICK_Config                       0x08000e61   Thumb Code    40  stm32f1xx_hal_cortex.o(i.HAL_SYSTICK_Config)
    HAL_TIMEx_ConfigBreakDeadTime            0x08000e89   Thumb Code    84  stm32f1xx_hal_tim_ex.o(i.HAL_TIMEx_ConfigBreakDeadTime)
    HAL_TIMEx_MasterConfigSynchronization    0x08000edd   Thumb Code    92  stm32f1xx_hal_tim_ex.o(i.HAL_TIMEx_MasterConfigSynchronization)
    HAL_TIM_MspPostInit                      0x08000f45   Thumb Code    64  tim.o(i.HAL_TIM_MspPostInit)
    HAL_TIM_PWM_ConfigChannel                0x08000f91   Thumb Code   198  stm32f1xx_hal_tim.o(i.HAL_TIM_PWM_ConfigChannel)
    HAL_TIM_PWM_Init                         0x08001057   Thumb Code    90  stm32f1xx_hal_tim.o(i.HAL_TIM_PWM_Init)
    HAL_TIM_PWM_MspInit                      0x080010b1   Thumb Code    30  tim.o(i.HAL_TIM_PWM_MspInit)
    HAL_TIM_PWM_Start                        0x080010d9   Thumb Code   144  stm32f1xx_hal_tim.o(i.HAL_TIM_PWM_Start)
    HAL_UART_Init                            0x08001175   Thumb Code    98  stm32f1xx_hal_uart.o(i.HAL_UART_Init)
    HAL_UART_MspInit                         0x080011d9   Thumb Code   100  usart.o(i.HAL_UART_MspInit)
    HardFault_Handler                        0x08001249   Thumb Code     2  stm32f1xx_it.o(i.HardFault_Handler)
    MX_GPIO_Init                             0x08001265   Thumb Code   120  gpio.o(i.MX_GPIO_Init)
    MX_TIM1_Init                             0x080012e9   Thumb Code   154  tim.o(i.MX_TIM1_Init)
    MX_USART1_UART_Init                      0x0800138d   Thumb Code    48  usart.o(i.MX_USART1_UART_Init)
    MemManage_Handler                        0x080013c5   Thumb Code     2  stm32f1xx_it.o(i.MemManage_Handler)
    NMI_Handler                              0x080013c7   Thumb Code     2  stm32f1xx_it.o(i.NMI_Handler)
    PendSV_Handler                           0x080013c9   Thumb Code     2  stm32f1xx_it.o(i.PendSV_Handler)
    ST_IICreadBytes                          0x080015c5   Thumb Code   168  st_i2c.o(i.ST_IICreadBytes)
    ST_IICwriteByte                          0x08001671   Thumb Code    12  st_i2c.o(i.ST_IICwriteByte)
    ST_IICwriteBytes                         0x0800167d   Thumb Code    68  st_i2c.o(i.ST_IICwriteBytes)
    SVC_Handler                              0x080016c1   Thumb Code     2  stm32f1xx_it.o(i.SVC_Handler)
    SysTick_Handler                          0x080016c3   Thumb Code     4  stm32f1xx_it.o(i.SysTick_Handler)
    SystemClock_Config                       0x080016c7   Thumb Code    94  main.o(i.SystemClock_Config)
    SystemInit                               0x08001725   Thumb Code     2  system_stm32f1xx.o(i.SystemInit)
    TIM_Base_SetConfig                       0x08001729   Thumb Code    94  stm32f1xx_hal_tim.o(i.TIM_Base_SetConfig)
    TIM_CCxChannelCmd                        0x08001795   Thumb Code    26  stm32f1xx_hal_tim.o(i.TIM_CCxChannelCmd)
    TIM_OC2_SetConfig                        0x08001801   Thumb Code    84  stm32f1xx_hal_tim.o(i.TIM_OC2_SetConfig)
    UsageFault_Handler                       0x080019ad   Thumb Code     2  stm32f1xx_it.o(i.UsageFault_Handler)
    VL53L0X_CheckAndLoadInterruptSettings    0x080019b1   Thumb Code   118  vl53l0x_api.o(i.VL53L0X_CheckAndLoadInterruptSettings)
    VL53L0X_ClearInterruptMask               0x08001a2d   Thumb Code    76  vl53l0x_api.o(i.VL53L0X_ClearInterruptMask)
    VL53L0X_DataInit                         0x08001a79   Thumb Code   386  vl53l0x_api.o(i.VL53L0X_DataInit)
    VL53L0X_GetDeviceParameters              0x08001c05   Thumb Code   128  vl53l0x_api.o(i.VL53L0X_GetDeviceParameters)
    VL53L0X_GetFractionEnable                0x08001c85   Thumb Code    26  vl53l0x_api.o(i.VL53L0X_GetFractionEnable)
    VL53L0X_GetInterMeasurementPeriodMilliSeconds 0x08001c9f   Thumb Code    54  vl53l0x_api.o(i.VL53L0X_GetInterMeasurementPeriodMilliSeconds)
    VL53L0X_GetInterruptMaskStatus           0x08001cd5   Thumb Code    34  vl53l0x_api.o(i.VL53L0X_GetInterruptMaskStatus)
    VL53L0X_GetInterruptThresholds           0x08001cf7   Thumb Code    52  vl53l0x_api.o(i.VL53L0X_GetInterruptThresholds)
    VL53L0X_GetLimitCheckEnable              0x08001d2b   Thumb Code    24  vl53l0x_api.o(i.VL53L0X_GetLimitCheckEnable)
    VL53L0X_GetLimitCheckValue               0x08001d45   Thumb Code   122  vl53l0x_api.o(i.VL53L0X_GetLimitCheckValue)
    VL53L0X_GetMeasurementDataReady          0x08001dbf   Thumb Code    58  vl53l0x_api.o(i.VL53L0X_GetMeasurementDataReady)
    VL53L0X_GetMeasurementTimingBudgetMicroSeconds 0x08001df9   Thumb Code     4  vl53l0x_api.o(i.VL53L0X_GetMeasurementTimingBudgetMicroSeconds)
    VL53L0X_GetOffsetCalibrationDataMicroMeter 0x08001dfd   Thumb Code     4  vl53l0x_api.o(i.VL53L0X_GetOffsetCalibrationDataMicroMeter)
    VL53L0X_GetRangingMeasurementData        0x08001e01   Thumb Code   300  vl53l0x_api.o(i.VL53L0X_GetRangingMeasurementData)
    VL53L0X_GetSequenceStepEnables           0x08001f2d   Thumb Code   114  vl53l0x_api.o(i.VL53L0X_GetSequenceStepEnables)
    VL53L0X_GetValue                         0x08001fa1   Thumb Code    24  vl53l0x_i2c_dev.o(i.VL53L0X_GetValue)
    VL53L0X_GetVcselPulsePeriod              0x08001fbd   Thumb Code     4  vl53l0x_api.o(i.VL53L0X_GetVcselPulsePeriod)
    VL53L0X_GetWrapAroundCheckEnable         0x08001fc1   Thumb Code    44  vl53l0x_api.o(i.VL53L0X_GetWrapAroundCheckEnable)
    VL53L0X_GetXTalkCompensationEnable       0x08001fed   Thumb Code    10  vl53l0x_api.o(i.VL53L0X_GetXTalkCompensationEnable)
    VL53L0X_GetXTalkCompensationRateMegaCps  0x08001ff7   Thumb Code    44  vl53l0x_api.o(i.VL53L0X_GetXTalkCompensationRateMegaCps)
    VL53L0X_Init                             0x08002025   Thumb Code    50  vl53l0x_i2c_dev.o(i.VL53L0X_Init)
    VL53L0X_PerformSingleMeasurement         0x0800205d   Thumb Code    34  vl53l0x_api.o(i.VL53L0X_PerformSingleMeasurement)
    VL53L0X_PerformSingleRangingMeasurement  0x0800207f   Thumb Code    52  vl53l0x_api.o(i.VL53L0X_PerformSingleRangingMeasurement)
    VL53L0X_PollingDelay                     0x080020b3   Thumb Code    12  vl53l0x_i2c_dev.o(i.VL53L0X_PollingDelay)
    VL53L0X_RdByte                           0x080020bf   Thumb Code    18  vl53l0x_i2c_dev.o(i.VL53L0X_RdByte)
    VL53L0X_RdDWord                          0x080020d1   Thumb Code    44  vl53l0x_i2c_dev.o(i.VL53L0X_RdDWord)
    VL53L0X_RdWord                           0x080020fd   Thumb Code    32  vl53l0x_i2c_dev.o(i.VL53L0X_RdWord)
    VL53L0X_ReadMulti                        0x0800211d   Thumb Code    20  vl53l0x_i2c_dev.o(i.VL53L0X_ReadMulti)
    VL53L0X_SetDeviceAddress                 0x08002131   Thumb Code     8  vl53l0x_api.o(i.VL53L0X_SetDeviceAddress)
    VL53L0X_SetDeviceMode                    0x08002139   Thumb Code    36  vl53l0x_api.o(i.VL53L0X_SetDeviceMode)
    VL53L0X_SetGpioConfig                    0x0800215d   Thumb Code   312  vl53l0x_api.o(i.VL53L0X_SetGpioConfig)
    VL53L0X_SetInterMeasurementPeriodMilliSeconds 0x08002295   Thumb Code    48  vl53l0x_api.o(i.VL53L0X_SetInterMeasurementPeriodMilliSeconds)
    VL53L0X_SetLimitCheckEnable              0x080022c5   Thumb Code   130  vl53l0x_api.o(i.VL53L0X_SetLimitCheckEnable)
    VL53L0X_SetLimitCheckValue               0x08002347   Thumb Code    80  vl53l0x_api.o(i.VL53L0X_SetLimitCheckValue)
    VL53L0X_SetMeasurementTimingBudgetMicroSeconds 0x08002397   Thumb Code     4  vl53l0x_api.o(i.VL53L0X_SetMeasurementTimingBudgetMicroSeconds)
    VL53L0X_SetPowerMode                     0x0800239b   Thumb Code    70  vl53l0x_api.o(i.VL53L0X_SetPowerMode)
    VL53L0X_SetSequenceStepEnable            0x080023e1   Thumb Code   174  vl53l0x_api.o(i.VL53L0X_SetSequenceStepEnable)
    VL53L0X_StartMeasurement                 0x08002491   Thumb Code   212  vl53l0x_api.o(i.VL53L0X_StartMeasurement)
    VL53L0X_StaticInit                       0x08002565   Thumb Code   366  vl53l0x_api.o(i.VL53L0X_StaticInit)
    VL53L0X_UpdateByte                       0x080026d9   Thumb Code    48  vl53l0x_i2c_dev.o(i.VL53L0X_UpdateByte)
    VL53L0X_WrByte                           0x08002709   Thumb Code    14  vl53l0x_i2c_dev.o(i.VL53L0X_WrByte)
    VL53L0X_WrDWord                          0x08002717   Thumb Code    40  vl53l0x_i2c_dev.o(i.VL53L0X_WrDWord)
    VL53L0X_WrWord                           0x0800273f   Thumb Code    28  vl53l0x_i2c_dev.o(i.VL53L0X_WrWord)
    VL53L0X_WriteMulti                       0x0800275b   Thumb Code    20  vl53l0x_i2c_dev.o(i.VL53L0X_WriteMulti)
    VL53L0X_calc_dmax                        0x08002771   Thumb Code   212  vl53l0x_api_core.o(i.VL53L0X_calc_dmax)
    VL53L0X_calc_macro_period_ps             0x08002849   Thumb Code    16  vl53l0x_api_core.o(i.VL53L0X_calc_macro_period_ps)
    VL53L0X_calc_sigma_estimate              0x08002859   Thumb Code   538  vl53l0x_api_core.o(i.VL53L0X_calc_sigma_estimate)
    VL53L0X_calc_timeout_mclks               0x08002a81   Thumb Code    34  vl53l0x_api_core.o(i.VL53L0X_calc_timeout_mclks)
    VL53L0X_calc_timeout_us                  0x08002aa3   Thumb Code    34  vl53l0x_api_core.o(i.VL53L0X_calc_timeout_us)
    VL53L0X_decode_timeout                   0x08002ac5   Thumb Code    12  vl53l0x_api_core.o(i.VL53L0X_decode_timeout)
    VL53L0X_decode_vcsel_period              0x08002ad1   Thumb Code     8  vl53l0x_api_core.o(i.VL53L0X_decode_vcsel_period)
    VL53L0X_device_read_strobe               0x08002ad9   Thumb Code    74  vl53l0x_api_core.o(i.VL53L0X_device_read_strobe)
    VL53L0X_encode_timeout                   0x08002b23   Thumb Code    30  vl53l0x_api_core.o(i.VL53L0X_encode_timeout)
    VL53L0X_get_info_from_device             0x08002b41   Thumb Code  1320  vl53l0x_api_core.o(i.VL53L0X_get_info_from_device)
    VL53L0X_get_measurement_timing_budget_micro_seconds 0x08003069   Thumb Code   196  vl53l0x_api_core.o(i.VL53L0X_get_measurement_timing_budget_micro_seconds)
    VL53L0X_get_offset_calibration_data_micro_meter 0x0800312d   Thumb Code    50  vl53l0x_api_calibration.o(i.VL53L0X_get_offset_calibration_data_micro_meter)
    VL53L0X_get_pal_range_status             0x08003161   Thumb Code   486  vl53l0x_api_core.o(i.VL53L0X_get_pal_range_status)
    VL53L0X_get_total_signal_rate            0x08003347   Thumb Code    28  vl53l0x_api_core.o(i.VL53L0X_get_total_signal_rate)
    VL53L0X_get_total_xtalk_rate             0x08003363   Thumb Code    46  vl53l0x_api_core.o(i.VL53L0X_get_total_xtalk_rate)
    VL53L0X_get_vcsel_pulse_period           0x08003391   Thumb Code    48  vl53l0x_api_core.o(i.VL53L0X_get_vcsel_pulse_period)
    VL53L0X_isqrt                            0x080033c1   Thumb Code    42  vl53l0x_api_core.o(i.VL53L0X_isqrt)
    VL53L0X_load_tuning_settings             0x080033ed   Thumb Code   164  vl53l0x_api_core.o(i.VL53L0X_load_tuning_settings)
    VL53L0X_measurement_poll_for_completion  0x08003491   Thumb Code    54  vl53l0x_api_core.o(i.VL53L0X_measurement_poll_for_completion)
    VL53L0X_perform_phase_calibration        0x080034c7   Thumb Code   116  vl53l0x_api_calibration.o(i.VL53L0X_perform_phase_calibration)
    VL53L0X_perform_ref_calibration          0x0800353b   Thumb Code    64  vl53l0x_api_calibration.o(i.VL53L0X_perform_ref_calibration)
    VL53L0X_perform_ref_spad_management      0x0800357b   Thumb Code   542  vl53l0x_api_calibration.o(i.VL53L0X_perform_ref_spad_management)
    VL53L0X_perform_single_ref_calibration   0x08003799   Thumb Code    56  vl53l0x_api_calibration.o(i.VL53L0X_perform_single_ref_calibration)
    VL53L0X_perform_vhv_calibration          0x080037d1   Thumb Code   116  vl53l0x_api_calibration.o(i.VL53L0X_perform_vhv_calibration)
    VL53L0X_ref_calibration_io               0x08003845   Thumb Code   178  vl53l0x_api_calibration.o(i.VL53L0X_ref_calibration_io)
    VL53L0X_set_measurement_timing_budget_micro_seconds 0x080038f7   Thumb Code   194  vl53l0x_api_core.o(i.VL53L0X_set_measurement_timing_budget_micro_seconds)
    VL53L0X_set_reference_spads              0x080039b9   Thumb Code   166  vl53l0x_api_calibration.o(i.VL53L0X_set_reference_spads)
    _sys_exit                                0x08003a7f   Thumb Code     2  usart.o(i._sys_exit)
    delay_init                               0x08003a81   Thumb Code    16  delay.o(i.delay_init)
    delay_ms                                 0x08003a95   Thumb Code    26  delay.o(i.delay_ms)
    delay_us                                 0x08003ab1   Thumb Code    48  delay.o(i.delay_us)
    enable_ref_spads                         0x08003ae5   Thumb Code   148  vl53l0x_api_calibration.o(i.enable_ref_spads)
    enable_spad_bit                          0x08003b79   Thumb Code    42  vl53l0x_api_calibration.o(i.enable_spad_bit)
    fputc                                    0x08003ba5   Thumb Code    18  usart.o(i.fputc)
    get_next_good_spad                       0x08003bbd   Thumb Code    92  vl53l0x_api_calibration.o(i.get_next_good_spad)
    get_ref_spad_map                         0x08003c19   Thumb Code    10  vl53l0x_api_calibration.o(i.get_ref_spad_map)
    get_sequence_step_timeout                0x08003c23   Thumb Code   242  vl53l0x_api_core.o(i.get_sequence_step_timeout)
    is_aperture                              0x08003d15   Thumb Code    20  vl53l0x_api_calibration.o(i.is_aperture)
    main                                     0x08003d2d   Thumb Code   228  main.o(i.main)
    perform_ref_signal_measurement           0x08003e7d   Thumb Code   100  vl53l0x_api_calibration.o(i.perform_ref_signal_measurement)
    sequence_step_enabled                    0x08003ee1   Thumb Code    56  vl53l0x_api.o(i.sequence_step_enabled)
    set_ref_spad_map                         0x08003f19   Thumb Code    10  vl53l0x_api_calibration.o(i.set_ref_spad_map)
    set_sequence_step_timeout                0x08003f23   Thumb Code   258  vl53l0x_api_core.o(i.set_sequence_step_timeout)
    __aeabi_d2f                              0x08004025   Thumb Code     0  d2f.o(x$fpl$d2f)
    _d2f                                     0x08004025   Thumb Code    98  d2f.o(x$fpl$d2f)
    __aeabi_ddiv                             0x08004089   Thumb Code     0  ddiv.o(x$fpl$ddiv)
    _ddiv                                    0x08004089   Thumb Code   552  ddiv.o(x$fpl$ddiv)
    __aeabi_i2d                              0x08004339   Thumb Code     0  dflt_clz.o(x$fpl$dflt)
    _dflt                                    0x08004339   Thumb Code    46  dflt_clz.o(x$fpl$dflt)
    __fpl_dnaninf                            0x08004367   Thumb Code   156  dnaninf.o(x$fpl$dnaninf)
    __fpl_dretinf                            0x08004403   Thumb Code    12  dretinf.o(x$fpl$dretinf)
    __aeabi_f2d                              0x08004411   Thumb Code     0  f2d.o(x$fpl$f2d)
    _f2d                                     0x08004411   Thumb Code    86  f2d.o(x$fpl$f2d)
    __fpl_fnaninf                            0x08004467   Thumb Code   140  fnaninf.o(x$fpl$fnaninf)
    __fpl_fretinf                            0x080044f3   Thumb Code    10  fretinf.o(x$fpl$fretinf)
    AHBPrescTable                            0x080044fc   Data          16  system_stm32f1xx.o(.constdata)
    __I$use$fp                               0x080044fc   Number         0  usenofp.o(x$fpl$usenofp)
    APBPrescTable                            0x0800450c   Data           8  system_stm32f1xx.o(.constdata)
    Region$$Table$$Base                      0x08004514   Number         0  anon$$obj.o(Region$$Table)
    Region$$Table$$Limit                     0x08004534   Number         0  anon$$obj.o(Region$$Table)
    __stdout                                 0x20000000   Data           4  usart.o(.data)
    uwTickFreq                               0x20000004   Data           1  stm32f1xx_hal.o(.data)
    uwTickPrio                               0x20000008   Data           4  stm32f1xx_hal.o(.data)
    uwTick                                   0x2000000c   Data           4  stm32f1xx_hal.o(.data)
    SystemCoreClock                          0x20000010   Data           4  system_stm32f1xx.o(.data)
    DefaultTuningSettings                    0x20000014   Data         243  vl53l0x_api.o(.data)
    InterruptThresholdSettings               0x20000107   Data         438  vl53l0x_api.o(.data)
    refArrayQuadrants                        0x200002c0   Data          16  vl53l0x_api_calibration.o(.data)
    htim1                                    0x200002dc   Data          72  tim.o(.bss)
    huart1                                   0x20000324   Data          68  usart.o(.bss)
    __libspace_start                         0x200004e4   Data          96  libspace.o(.bss)
    __temporary_stack_top$libspace           0x20000544   Data           0  libspace.o(.bss)



==============================================================================

Memory Map of the image

  Image Entry point : 0x080000ed

  Load Region LR_IROM1 (Base: 0x08000000, Size: 0x00004810, Max: 0x00010000, ABSOLUTE, COMPRESSED[0x000047cc])

    Execution Region ER_IROM1 (Exec base: 0x08000000, Load base: 0x08000000, Size: 0x00004534, Max: 0x00010000, ABSOLUTE)

    Exec Addr    Load Addr    Size         Type   Attr      Idx    E Section Name        Object

    0x08000000   0x08000000   0x000000ec   Data   RO            3    RESET               startup_stm32f103xb.o
    0x080000ec   0x080000ec   0x00000008   Code   RO         4028  * !!!main             c_w.l(__main.o)
    0x080000f4   0x080000f4   0x00000034   Code   RO         4225    !!!scatter          c_w.l(__scatter.o)
    0x08000128   0x08000128   0x00000064   Code   RO         4223    !!dclz77c           c_w.l(__dclz77c.o)
    0x0800018c   0x0800018c   0x0000001c   Code   RO         4227    !!handler_zi        c_w.l(__scatter_zi.o)
    0x080001a8   0x080001a8   0x00000000   Code   RO         4019    .ARM.Collect$$_printf_percent$$00000000  c_w.l(_printf_percent.o)
    0x080001a8   0x080001a8   0x00000006   Code   RO         4018    .ARM.Collect$$_printf_percent$$00000009  c_w.l(_printf_d.o)
    0x080001ae   0x080001ae   0x00000006   Code   RO         4017    .ARM.Collect$$_printf_percent$$00000014  c_w.l(_printf_s.o)
    0x080001b4   0x080001b4   0x00000004   Code   RO         4053    .ARM.Collect$$_printf_percent$$00000017  c_w.l(_printf_percent_end.o)
    0x080001b8   0x080001b8   0x00000002   Code   RO         4095    .ARM.Collect$$libinit$$00000000  c_w.l(libinit.o)
    0x080001ba   0x080001ba   0x00000000   Code   RO         4102    .ARM.Collect$$libinit$$00000002  c_w.l(libinit2.o)
    0x080001ba   0x080001ba   0x00000000   Code   RO         4104    .ARM.Collect$$libinit$$00000004  c_w.l(libinit2.o)
    0x080001ba   0x080001ba   0x00000000   Code   RO         4107    .ARM.Collect$$libinit$$0000000A  c_w.l(libinit2.o)
    0x080001ba   0x080001ba   0x00000000   Code   RO         4109    .ARM.Collect$$libinit$$0000000C  c_w.l(libinit2.o)
    0x080001ba   0x080001ba   0x00000000   Code   RO         4111    .ARM.Collect$$libinit$$0000000E  c_w.l(libinit2.o)
    0x080001ba   0x080001ba   0x00000000   Code   RO         4114    .ARM.Collect$$libinit$$00000011  c_w.l(libinit2.o)
    0x080001ba   0x080001ba   0x00000000   Code   RO         4116    .ARM.Collect$$libinit$$00000013  c_w.l(libinit2.o)
    0x080001ba   0x080001ba   0x00000000   Code   RO         4118    .ARM.Collect$$libinit$$00000015  c_w.l(libinit2.o)
    0x080001ba   0x080001ba   0x00000000   Code   RO         4120    .ARM.Collect$$libinit$$00000017  c_w.l(libinit2.o)
    0x080001ba   0x080001ba   0x00000000   Code   RO         4122    .ARM.Collect$$libinit$$00000019  c_w.l(libinit2.o)
    0x080001ba   0x080001ba   0x00000000   Code   RO         4124    .ARM.Collect$$libinit$$0000001B  c_w.l(libinit2.o)
    0x080001ba   0x080001ba   0x00000000   Code   RO         4126    .ARM.Collect$$libinit$$0000001D  c_w.l(libinit2.o)
    0x080001ba   0x080001ba   0x00000000   Code   RO         4128    .ARM.Collect$$libinit$$0000001F  c_w.l(libinit2.o)
    0x080001ba   0x080001ba   0x00000000   Code   RO         4130    .ARM.Collect$$libinit$$00000021  c_w.l(libinit2.o)
    0x080001ba   0x080001ba   0x00000000   Code   RO         4132    .ARM.Collect$$libinit$$00000023  c_w.l(libinit2.o)
    0x080001ba   0x080001ba   0x00000000   Code   RO         4134    .ARM.Collect$$libinit$$00000025  c_w.l(libinit2.o)
    0x080001ba   0x080001ba   0x00000000   Code   RO         4138    .ARM.Collect$$libinit$$0000002C  c_w.l(libinit2.o)
    0x080001ba   0x080001ba   0x00000000   Code   RO         4140    .ARM.Collect$$libinit$$0000002E  c_w.l(libinit2.o)
    0x080001ba   0x080001ba   0x00000000   Code   RO         4142    .ARM.Collect$$libinit$$00000030  c_w.l(libinit2.o)
    0x080001ba   0x080001ba   0x00000000   Code   RO         4144    .ARM.Collect$$libinit$$00000032  c_w.l(libinit2.o)
    0x080001ba   0x080001ba   0x00000002   Code   RO         4145    .ARM.Collect$$libinit$$00000033  c_w.l(libinit2.o)
    0x080001bc   0x080001bc   0x00000002   Code   RO         4163    .ARM.Collect$$libshutdown$$00000000  c_w.l(libshutdown.o)
    0x080001be   0x080001be   0x00000000   Code   RO         4173    .ARM.Collect$$libshutdown$$00000002  c_w.l(libshutdown2.o)
    0x080001be   0x080001be   0x00000000   Code   RO         4175    .ARM.Collect$$libshutdown$$00000004  c_w.l(libshutdown2.o)
    0x080001be   0x080001be   0x00000000   Code   RO         4177    .ARM.Collect$$libshutdown$$00000006  c_w.l(libshutdown2.o)
    0x080001be   0x080001be   0x00000000   Code   RO         4180    .ARM.Collect$$libshutdown$$00000009  c_w.l(libshutdown2.o)
    0x080001be   0x080001be   0x00000000   Code   RO         4183    .ARM.Collect$$libshutdown$$0000000C  c_w.l(libshutdown2.o)
    0x080001be   0x080001be   0x00000000   Code   RO         4185    .ARM.Collect$$libshutdown$$0000000E  c_w.l(libshutdown2.o)
    0x080001be   0x080001be   0x00000000   Code   RO         4188    .ARM.Collect$$libshutdown$$00000011  c_w.l(libshutdown2.o)
    0x080001be   0x080001be   0x00000002   Code   RO         4189    .ARM.Collect$$libshutdown$$00000012  c_w.l(libshutdown2.o)
    0x080001c0   0x080001c0   0x00000000   Code   RO         4046    .ARM.Collect$$rtentry$$00000000  c_w.l(__rtentry.o)
    0x080001c0   0x080001c0   0x00000000   Code   RO         4064    .ARM.Collect$$rtentry$$00000002  c_w.l(__rtentry2.o)
    0x080001c0   0x080001c0   0x00000006   Code   RO         4076    .ARM.Collect$$rtentry$$00000004  c_w.l(__rtentry4.o)
    0x080001c6   0x080001c6   0x00000000   Code   RO         4066    .ARM.Collect$$rtentry$$00000009  c_w.l(__rtentry2.o)
    0x080001c6   0x080001c6   0x00000004   Code   RO         4067    .ARM.Collect$$rtentry$$0000000A  c_w.l(__rtentry2.o)
    0x080001ca   0x080001ca   0x00000000   Code   RO         4069    .ARM.Collect$$rtentry$$0000000C  c_w.l(__rtentry2.o)
    0x080001ca   0x080001ca   0x00000008   Code   RO         4070    .ARM.Collect$$rtentry$$0000000D  c_w.l(__rtentry2.o)
    0x080001d2   0x080001d2   0x00000002   Code   RO         4099    .ARM.Collect$$rtexit$$00000000  c_w.l(rtexit.o)
    0x080001d4   0x080001d4   0x00000000   Code   RO         4147    .ARM.Collect$$rtexit$$00000002  c_w.l(rtexit2.o)
    0x080001d4   0x080001d4   0x00000004   Code   RO         4148    .ARM.Collect$$rtexit$$00000003  c_w.l(rtexit2.o)
    0x080001d8   0x080001d8   0x00000006   Code   RO         4149    .ARM.Collect$$rtexit$$00000004  c_w.l(rtexit2.o)
    0x080001de   0x080001de   0x00000002   PAD
    0x080001e0   0x080001e0   0x00000040   Code   RO            4    .text               startup_stm32f103xb.o
    0x08000220   0x08000220   0x00000002   Code   RO         3983    .text               c_w.l(use_no_semi_2.o)
    0x08000222   0x08000222   0x00000002   PAD
    0x08000224   0x08000224   0x00000018   Code   RO         3989    .text               c_w.l(noretval__2printf.o)
    0x0800023c   0x0800023c   0x00000068   Code   RO         3991    .text               c_w.l(__printf.o)
    0x080002a4   0x080002a4   0x00000052   Code   RO         3993    .text               c_w.l(_printf_str.o)
    0x080002f6   0x080002f6   0x00000002   PAD
    0x080002f8   0x080002f8   0x00000078   Code   RO         3995    .text               c_w.l(_printf_dec.o)
    0x08000370   0x08000370   0x00000048   Code   RO         4020    .text               c_w.l(strcpy.o)
    0x080003b8   0x080003b8   0x00000064   Code   RO         4022    .text               c_w.l(rt_memcpy_w.o)
    0x0800041c   0x0800041c   0x0000004e   Code   RO         4024    .text               c_w.l(rt_memclr_w.o)
    0x0800046a   0x0800046a   0x00000006   Code   RO         4026    .text               c_w.l(heapauxi.o)
    0x08000470   0x08000470   0x00000002   Code   RO         4044    .text               c_w.l(use_no_semi.o)
    0x08000472   0x08000472   0x000000b2   Code   RO         4047    .text               c_w.l(_printf_intcommon.o)
    0x08000524   0x08000524   0x0000002c   Code   RO         4049    .text               c_w.l(_printf_char.o)
    0x08000550   0x08000550   0x00000024   Code   RO         4051    .text               c_w.l(_printf_char_file.o)
    0x08000574   0x08000574   0x00000030   Code   RO         4078    .text               c_w.l(_printf_char_common.o)
    0x080005a4   0x080005a4   0x00000008   Code   RO         4080    .text               c_w.l(ferror.o)
    0x080005ac   0x080005ac   0x0000004a   Code   RO         4084    .text               c_w.l(sys_stackheap_outer.o)
    0x080005f6   0x080005f6   0x00000012   Code   RO         4088    .text               c_w.l(exit.o)
    0x08000608   0x08000608   0x00000008   Code   RO         4096    .text               c_w.l(libspace.o)
    0x08000610   0x08000610   0x00000002   Code   RO          286    i.BusFault_Handler  stm32f1xx_it.o
    0x08000612   0x08000612   0x00000002   Code   RO          287    i.DebugMon_Handler  stm32f1xx_it.o
    0x08000614   0x08000614   0x00000004   Code   RO           13    i.Error_Handler     main.o
    0x08000618   0x08000618   0x00000024   Code   RO         1401    i.HAL_Delay         stm32f1xx_hal.o
    0x0800063c   0x0800063c   0x000001e0   Code   RO         1709    i.HAL_GPIO_Init     stm32f1xx_hal_gpio.o
    0x0800081c   0x0800081c   0x0000000a   Code   RO         1711    i.HAL_GPIO_ReadPin  stm32f1xx_hal_gpio.o
    0x08000826   0x08000826   0x0000000a   Code   RO         1713    i.HAL_GPIO_WritePin  stm32f1xx_hal_gpio.o
    0x08000830   0x08000830   0x0000000c   Code   RO         1405    i.HAL_GetTick       stm32f1xx_hal.o
    0x0800083c   0x0800083c   0x00000010   Code   RO         1411    i.HAL_IncTick       stm32f1xx_hal.o
    0x0800084c   0x0800084c   0x00000024   Code   RO         1412    i.HAL_Init          stm32f1xx_hal.o
    0x08000870   0x08000870   0x00000040   Code   RO         1413    i.HAL_InitTick      stm32f1xx_hal.o
    0x080008b0   0x080008b0   0x0000003c   Code   RO          361    i.HAL_MspInit       stm32f1xx_hal_msp.o
    0x080008ec   0x080008ec   0x00000040   Code   RO         1875    i.HAL_NVIC_SetPriority  stm32f1xx_hal_cortex.o
    0x0800092c   0x0800092c   0x00000024   Code   RO         1876    i.HAL_NVIC_SetPriorityGrouping  stm32f1xx_hal_cortex.o
    0x08000950   0x08000950   0x0000012c   Code   RO         1569    i.HAL_RCC_ClockConfig  stm32f1xx_hal_rcc.o
    0x08000a7c   0x08000a7c   0x00000020   Code   RO         1576    i.HAL_RCC_GetPCLK1Freq  stm32f1xx_hal_rcc.o
    0x08000a9c   0x08000a9c   0x00000020   Code   RO         1577    i.HAL_RCC_GetPCLK2Freq  stm32f1xx_hal_rcc.o
    0x08000abc   0x08000abc   0x0000006c   Code   RO         1578    i.HAL_RCC_GetSysClockFreq  stm32f1xx_hal_rcc.o
    0x08000b28   0x08000b28   0x00000320   Code   RO         1581    i.HAL_RCC_OscConfig  stm32f1xx_hal_rcc.o
    0x08000e48   0x08000e48   0x00000018   Code   RO         1878    i.HAL_SYSTICK_CLKSourceConfig  stm32f1xx_hal_cortex.o
    0x08000e60   0x08000e60   0x00000028   Code   RO         1880    i.HAL_SYSTICK_Config  stm32f1xx_hal_cortex.o
    0x08000e88   0x08000e88   0x00000054   Code   RO         1130    i.HAL_TIMEx_ConfigBreakDeadTime  stm32f1xx_hal_tim_ex.o
    0x08000edc   0x08000edc   0x00000068   Code   RO         1146    i.HAL_TIMEx_MasterConfigSynchronization  stm32f1xx_hal_tim_ex.o
    0x08000f44   0x08000f44   0x0000004c   Code   RO          179    i.HAL_TIM_MspPostInit  tim.o
    0x08000f90   0x08000f90   0x000000c6   Code   RO          495    i.HAL_TIM_PWM_ConfigChannel  stm32f1xx_hal_tim.o
    0x08001056   0x08001056   0x0000005a   Code   RO          498    i.HAL_TIM_PWM_Init  stm32f1xx_hal_tim.o
    0x080010b0   0x080010b0   0x00000028   Code   RO          181    i.HAL_TIM_PWM_MspInit  tim.o
    0x080010d8   0x080010d8   0x0000009c   Code   RO          503    i.HAL_TIM_PWM_Start  stm32f1xx_hal_tim.o
    0x08001174   0x08001174   0x00000062   Code   RO         2398    i.HAL_UART_Init     stm32f1xx_hal_uart.o
    0x080011d6   0x080011d6   0x00000002   PAD
    0x080011d8   0x080011d8   0x00000070   Code   RO          228    i.HAL_UART_MspInit  usart.o
    0x08001248   0x08001248   0x00000002   Code   RO          288    i.HardFault_Handler  stm32f1xx_it.o
    0x0800124a   0x0800124a   0x0000001a   Code   RO         2765    i.IIC_delay         st_i2c.o
    0x08001264   0x08001264   0x00000084   Code   RO          155    i.MX_GPIO_Init      gpio.o
    0x080012e8   0x080012e8   0x000000a4   Code   RO          182    i.MX_TIM1_Init      tim.o
    0x0800138c   0x0800138c   0x00000038   Code   RO          229    i.MX_USART1_UART_Init  usart.o
    0x080013c4   0x080013c4   0x00000002   Code   RO          289    i.MemManage_Handler  stm32f1xx_it.o
    0x080013c6   0x080013c6   0x00000002   Code   RO          290    i.NMI_Handler       stm32f1xx_it.o
    0x080013c8   0x080013c8   0x00000002   Code   RO          291    i.PendSV_Handler    stm32f1xx_it.o
    0x080013ca   0x080013ca   0x00000002   PAD
    0x080013cc   0x080013cc   0x00000044   Code   RO         2766    i.ST_IIC_NAck       st_i2c.o
    0x08001410   0x08001410   0x0000005c   Code   RO         2767    i.ST_IIC_Read_Byte  st_i2c.o
    0x0800146c   0x0800146c   0x00000058   Code   RO         2768    i.ST_IIC_Send_Byte  st_i2c.o
    0x080014c4   0x080014c4   0x0000005c   Code   RO         2769    i.ST_IIC_Start      st_i2c.o
    0x08001520   0x08001520   0x00000044   Code   RO         2770    i.ST_IIC_Stop       st_i2c.o
    0x08001564   0x08001564   0x00000060   Code   RO         2771    i.ST_IIC_Wait_Ack   st_i2c.o
    0x080015c4   0x080015c4   0x000000ac   Code   RO         2773    i.ST_IICreadBytes   st_i2c.o
    0x08001670   0x08001670   0x0000000c   Code   RO         2775    i.ST_IICwriteByte   st_i2c.o
    0x0800167c   0x0800167c   0x00000044   Code   RO         2776    i.ST_IICwriteBytes  st_i2c.o
    0x080016c0   0x080016c0   0x00000002   Code   RO          292    i.SVC_Handler       stm32f1xx_it.o
    0x080016c2   0x080016c2   0x00000004   Code   RO          293    i.SysTick_Handler   stm32f1xx_it.o
    0x080016c6   0x080016c6   0x0000005e   Code   RO           14    i.SystemClock_Config  main.o
    0x08001724   0x08001724   0x00000002   Code   RO         2727    i.SystemInit        system_stm32f1xx.o
    0x08001726   0x08001726   0x00000002   PAD
    0x08001728   0x08001728   0x0000006c   Code   RO          516    i.TIM_Base_SetConfig  stm32f1xx_hal_tim.o
    0x08001794   0x08001794   0x0000001a   Code   RO          517    i.TIM_CCxChannelCmd  stm32f1xx_hal_tim.o
    0x080017ae   0x080017ae   0x00000002   PAD
    0x080017b0   0x080017b0   0x00000050   Code   RO          529    i.TIM_OC1_SetConfig  stm32f1xx_hal_tim.o
    0x08001800   0x08001800   0x00000058   Code   RO          530    i.TIM_OC2_SetConfig  stm32f1xx_hal_tim.o
    0x08001858   0x08001858   0x00000058   Code   RO          531    i.TIM_OC3_SetConfig  stm32f1xx_hal_tim.o
    0x080018b0   0x080018b0   0x00000044   Code   RO          532    i.TIM_OC4_SetConfig  stm32f1xx_hal_tim.o
    0x080018f4   0x080018f4   0x000000b8   Code   RO         2424    i.UART_SetConfig    stm32f1xx_hal_uart.o
    0x080019ac   0x080019ac   0x00000002   Code   RO          294    i.UsageFault_Handler  stm32f1xx_it.o
    0x080019ae   0x080019ae   0x00000002   PAD
    0x080019b0   0x080019b0   0x0000007c   Code   RO         2852    i.VL53L0X_CheckAndLoadInterruptSettings  vl53l0x_api.o
    0x08001a2c   0x08001a2c   0x0000004c   Code   RO         2853    i.VL53L0X_ClearInterruptMask  vl53l0x_api.o
    0x08001a78   0x08001a78   0x0000018c   Code   RO         2854    i.VL53L0X_DataInit  vl53l0x_api.o
    0x08001c04   0x08001c04   0x00000080   Code   RO         2860    i.VL53L0X_GetDeviceParameters  vl53l0x_api.o
    0x08001c84   0x08001c84   0x0000001a   Code   RO         2862    i.VL53L0X_GetFractionEnable  vl53l0x_api.o
    0x08001c9e   0x08001c9e   0x00000036   Code   RO         2866    i.VL53L0X_GetInterMeasurementPeriodMilliSeconds  vl53l0x_api.o
    0x08001cd4   0x08001cd4   0x00000022   Code   RO         2867    i.VL53L0X_GetInterruptMaskStatus  vl53l0x_api.o
    0x08001cf6   0x08001cf6   0x00000034   Code   RO         2868    i.VL53L0X_GetInterruptThresholds  vl53l0x_api.o
    0x08001d2a   0x08001d2a   0x00000018   Code   RO         2870    i.VL53L0X_GetLimitCheckEnable  vl53l0x_api.o
    0x08001d42   0x08001d42   0x00000002   PAD
    0x08001d44   0x08001d44   0x0000007a   Code   RO         2873    i.VL53L0X_GetLimitCheckValue  vl53l0x_api.o
    0x08001dbe   0x08001dbe   0x0000003a   Code   RO         2876    i.VL53L0X_GetMeasurementDataReady  vl53l0x_api.o
    0x08001df8   0x08001df8   0x00000004   Code   RO         2878    i.VL53L0X_GetMeasurementTimingBudgetMicroSeconds  vl53l0x_api.o
    0x08001dfc   0x08001dfc   0x00000004   Code   RO         2882    i.VL53L0X_GetOffsetCalibrationDataMicroMeter  vl53l0x_api.o
    0x08001e00   0x08001e00   0x0000012c   Code   RO         2890    i.VL53L0X_GetRangingMeasurementData  vl53l0x_api.o
    0x08001f2c   0x08001f2c   0x00000072   Code   RO         2894    i.VL53L0X_GetSequenceStepEnables  vl53l0x_api.o
    0x08001f9e   0x08001f9e   0x00000002   PAD
    0x08001fa0   0x08001fa0   0x0000001c   Code   RO         3849    i.VL53L0X_GetValue  vl53l0x_i2c_dev.o
    0x08001fbc   0x08001fbc   0x00000004   Code   RO         2903    i.VL53L0X_GetVcselPulsePeriod  vl53l0x_api.o
    0x08001fc0   0x08001fc0   0x0000002c   Code   RO         2905    i.VL53L0X_GetWrapAroundCheckEnable  vl53l0x_api.o
    0x08001fec   0x08001fec   0x0000000a   Code   RO         2906    i.VL53L0X_GetXTalkCompensationEnable  vl53l0x_api.o
    0x08001ff6   0x08001ff6   0x0000002c   Code   RO         2907    i.VL53L0X_GetXTalkCompensationRateMegaCps  vl53l0x_api.o
    0x08002022   0x08002022   0x00000002   PAD
    0x08002024   0x08002024   0x00000038   Code   RO         3850    i.VL53L0X_Init      vl53l0x_i2c_dev.o
    0x0800205c   0x0800205c   0x00000022   Code   RO         2912    i.VL53L0X_PerformSingleMeasurement  vl53l0x_api.o
    0x0800207e   0x0800207e   0x00000034   Code   RO         2913    i.VL53L0X_PerformSingleRangingMeasurement  vl53l0x_api.o
    0x080020b2   0x080020b2   0x0000000c   Code   RO         3851    i.VL53L0X_PollingDelay  vl53l0x_i2c_dev.o
    0x080020be   0x080020be   0x00000012   Code   RO         3852    i.VL53L0X_RdByte    vl53l0x_i2c_dev.o
    0x080020d0   0x080020d0   0x0000002c   Code   RO         3853    i.VL53L0X_RdDWord   vl53l0x_i2c_dev.o
    0x080020fc   0x080020fc   0x00000020   Code   RO         3854    i.VL53L0X_RdWord    vl53l0x_i2c_dev.o
    0x0800211c   0x0800211c   0x00000014   Code   RO         3855    i.VL53L0X_ReadMulti  vl53l0x_i2c_dev.o
    0x08002130   0x08002130   0x00000008   Code   RO         2917    i.VL53L0X_SetDeviceAddress  vl53l0x_api.o
    0x08002138   0x08002138   0x00000024   Code   RO         2918    i.VL53L0X_SetDeviceMode  vl53l0x_api.o
    0x0800215c   0x0800215c   0x00000138   Code   RO         2921    i.VL53L0X_SetGpioConfig  vl53l0x_api.o
    0x08002294   0x08002294   0x00000030   Code   RO         2924    i.VL53L0X_SetInterMeasurementPeriodMilliSeconds  vl53l0x_api.o
    0x080022c4   0x080022c4   0x00000082   Code   RO         2926    i.VL53L0X_SetLimitCheckEnable  vl53l0x_api.o
    0x08002346   0x08002346   0x00000050   Code   RO         2927    i.VL53L0X_SetLimitCheckValue  vl53l0x_api.o
    0x08002396   0x08002396   0x00000004   Code   RO         2929    i.VL53L0X_SetMeasurementTimingBudgetMicroSeconds  vl53l0x_api.o
    0x0800239a   0x0800239a   0x00000046   Code   RO         2932    i.VL53L0X_SetPowerMode  vl53l0x_api.o
    0x080023e0   0x080023e0   0x000000ae   Code   RO         2936    i.VL53L0X_SetSequenceStepEnable  vl53l0x_api.o
    0x0800248e   0x0800248e   0x00000002   PAD
    0x08002490   0x08002490   0x000000d4   Code   RO         2945    i.VL53L0X_StartMeasurement  vl53l0x_api.o
    0x08002564   0x08002564   0x00000174   Code   RO         2946    i.VL53L0X_StaticInit  vl53l0x_api.o
    0x080026d8   0x080026d8   0x00000030   Code   RO         3856    i.VL53L0X_UpdateByte  vl53l0x_i2c_dev.o
    0x08002708   0x08002708   0x0000000e   Code   RO         3857    i.VL53L0X_WrByte    vl53l0x_i2c_dev.o
    0x08002716   0x08002716   0x00000028   Code   RO         3858    i.VL53L0X_WrDWord   vl53l0x_i2c_dev.o
    0x0800273e   0x0800273e   0x0000001c   Code   RO         3859    i.VL53L0X_WrWord    vl53l0x_i2c_dev.o
    0x0800275a   0x0800275a   0x00000014   Code   RO         3860    i.VL53L0X_WriteMulti  vl53l0x_i2c_dev.o
    0x0800276e   0x0800276e   0x00000002   PAD
    0x08002770   0x08002770   0x000000d8   Code   RO         3639    i.VL53L0X_calc_dmax  vl53l0x_api_core.o
    0x08002848   0x08002848   0x00000010   Code   RO         3640    i.VL53L0X_calc_macro_period_ps  vl53l0x_api_core.o
    0x08002858   0x08002858   0x00000228   Code   RO         3641    i.VL53L0X_calc_sigma_estimate  vl53l0x_api_core.o
    0x08002a80   0x08002a80   0x00000022   Code   RO         3642    i.VL53L0X_calc_timeout_mclks  vl53l0x_api_core.o
    0x08002aa2   0x08002aa2   0x00000022   Code   RO         3643    i.VL53L0X_calc_timeout_us  vl53l0x_api_core.o
    0x08002ac4   0x08002ac4   0x0000000c   Code   RO         3644    i.VL53L0X_decode_timeout  vl53l0x_api_core.o
    0x08002ad0   0x08002ad0   0x00000008   Code   RO         3645    i.VL53L0X_decode_vcsel_period  vl53l0x_api_core.o
    0x08002ad8   0x08002ad8   0x0000004a   Code   RO         3646    i.VL53L0X_device_read_strobe  vl53l0x_api_core.o
    0x08002b22   0x08002b22   0x0000001e   Code   RO         3647    i.VL53L0X_encode_timeout  vl53l0x_api_core.o
    0x08002b40   0x08002b40   0x00000528   Code   RO         3649    i.VL53L0X_get_info_from_device  vl53l0x_api_core.o
    0x08003068   0x08003068   0x000000c4   Code   RO         3650    i.VL53L0X_get_measurement_timing_budget_micro_seconds  vl53l0x_api_core.o
    0x0800312c   0x0800312c   0x00000032   Code   RO         3496    i.VL53L0X_get_offset_calibration_data_micro_meter  vl53l0x_api_calibration.o
    0x0800315e   0x0800315e   0x00000002   PAD
    0x08003160   0x08003160   0x000001e6   Code   RO         3651    i.VL53L0X_get_pal_range_status  vl53l0x_api_core.o
    0x08003346   0x08003346   0x0000001c   Code   RO         3652    i.VL53L0X_get_total_signal_rate  vl53l0x_api_core.o
    0x08003362   0x08003362   0x0000002e   Code   RO         3653    i.VL53L0X_get_total_xtalk_rate  vl53l0x_api_core.o
    0x08003390   0x08003390   0x00000030   Code   RO         3654    i.VL53L0X_get_vcsel_pulse_period  vl53l0x_api_core.o
    0x080033c0   0x080033c0   0x0000002a   Code   RO         3655    i.VL53L0X_isqrt     vl53l0x_api_core.o
    0x080033ea   0x080033ea   0x00000002   PAD
    0x080033ec   0x080033ec   0x000000a4   Code   RO         3656    i.VL53L0X_load_tuning_settings  vl53l0x_api_core.o
    0x08003490   0x08003490   0x00000036   Code   RO         3657    i.VL53L0X_measurement_poll_for_completion  vl53l0x_api_core.o
    0x080034c6   0x080034c6   0x00000074   Code   RO         3500    i.VL53L0X_perform_phase_calibration  vl53l0x_api_calibration.o
    0x0800353a   0x0800353a   0x00000040   Code   RO         3501    i.VL53L0X_perform_ref_calibration  vl53l0x_api_calibration.o
    0x0800357a   0x0800357a   0x0000021e   Code   RO         3502    i.VL53L0X_perform_ref_spad_management  vl53l0x_api_calibration.o
    0x08003798   0x08003798   0x00000038   Code   RO         3503    i.VL53L0X_perform_single_ref_calibration  vl53l0x_api_calibration.o
    0x080037d0   0x080037d0   0x00000074   Code   RO         3504    i.VL53L0X_perform_vhv_calibration  vl53l0x_api_calibration.o
    0x08003844   0x08003844   0x000000b2   Code   RO         3506    i.VL53L0X_ref_calibration_io  vl53l0x_api_calibration.o
    0x080038f6   0x080038f6   0x000000c2   Code   RO         3660    i.VL53L0X_set_measurement_timing_budget_micro_seconds  vl53l0x_api_core.o
    0x080039b8   0x080039b8   0x000000a6   Code   RO         3509    i.VL53L0X_set_reference_spads  vl53l0x_api_calibration.o
    0x08003a5e   0x08003a5e   0x00000020   Code   RO         1882    i.__NVIC_SetPriority  stm32f1xx_hal_cortex.o
    0x08003a7e   0x08003a7e   0x00000002   Code   RO          230    i._sys_exit         usart.o
    0x08003a80   0x08003a80   0x00000014   Code   RO         3943    i.delay_init        delay.o
    0x08003a94   0x08003a94   0x0000001a   Code   RO         3944    i.delay_ms          delay.o
    0x08003aae   0x08003aae   0x00000002   PAD
    0x08003ab0   0x08003ab0   0x00000034   Code   RO         3945    i.delay_us          delay.o
    0x08003ae4   0x08003ae4   0x00000094   Code   RO         3511    i.enable_ref_spads  vl53l0x_api_calibration.o
    0x08003b78   0x08003b78   0x0000002a   Code   RO         3512    i.enable_spad_bit   vl53l0x_api_calibration.o
    0x08003ba2   0x08003ba2   0x00000002   PAD
    0x08003ba4   0x08003ba4   0x00000018   Code   RO          231    i.fputc             usart.o
    0x08003bbc   0x08003bbc   0x0000005c   Code   RO         3513    i.get_next_good_spad  vl53l0x_api_calibration.o
    0x08003c18   0x08003c18   0x0000000a   Code   RO         3514    i.get_ref_spad_map  vl53l0x_api_calibration.o
    0x08003c22   0x08003c22   0x000000f2   Code   RO         3662    i.get_sequence_step_timeout  vl53l0x_api_core.o
    0x08003d14   0x08003d14   0x00000018   Code   RO         3515    i.is_aperture       vl53l0x_api_calibration.o
    0x08003d2c   0x08003d2c   0x00000150   Code   RO           15    i.main              main.o
    0x08003e7c   0x08003e7c   0x00000064   Code   RO         3516    i.perform_ref_signal_measurement  vl53l0x_api_calibration.o
    0x08003ee0   0x08003ee0   0x00000038   Code   RO         2950    i.sequence_step_enabled  vl53l0x_api.o
    0x08003f18   0x08003f18   0x0000000a   Code   RO         3517    i.set_ref_spad_map  vl53l0x_api_calibration.o
    0x08003f22   0x08003f22   0x00000102   Code   RO         3663    i.set_sequence_step_timeout  vl53l0x_api_core.o
    0x08004024   0x08004024   0x00000062   Code   RO         4030    x$fpl$d2f           fz_ws.l(d2f.o)
    0x08004086   0x08004086   0x00000002   PAD
    0x08004088   0x08004088   0x000002b0   Code   RO         4033    x$fpl$ddiv          fz_ws.l(ddiv.o)
    0x08004338   0x08004338   0x0000002e   Code   RO         4037    x$fpl$dflt          fz_ws.l(dflt_clz.o)
    0x08004366   0x08004366   0x0000009c   Code   RO         4054    x$fpl$dnaninf       fz_ws.l(dnaninf.o)
    0x08004402   0x08004402   0x0000000c   Code   RO         4056    x$fpl$dretinf       fz_ws.l(dretinf.o)
    0x0800440e   0x0800440e   0x00000002   PAD
    0x08004410   0x08004410   0x00000056   Code   RO         4042    x$fpl$f2d           fz_ws.l(f2d.o)
    0x08004466   0x08004466   0x0000008c   Code   RO         4058    x$fpl$fnaninf       fz_ws.l(fnaninf.o)
    0x080044f2   0x080044f2   0x0000000a   Code   RO         4060    x$fpl$fretinf       fz_ws.l(fretinf.o)
    0x080044fc   0x080044fc   0x00000000   Code   RO         4062    x$fpl$usenofp       fz_ws.l(usenofp.o)
    0x080044fc   0x080044fc   0x00000010   Data   RO         2728    .constdata          system_stm32f1xx.o
    0x0800450c   0x0800450c   0x00000008   Data   RO         2729    .constdata          system_stm32f1xx.o
    0x08004514   0x08004514   0x00000020   Data   RO         4221    Region$$Table       anon$$obj.o


    Execution Region RW_IRAM1 (Exec base: 0x20000000, Load base: 0x08004534, Size: 0x00000b48, Max: 0x00005000, ABSOLUTE, COMPRESSED[0x00000298])

    Exec Addr    Load Addr    Size         Type   Attr      Idx    E Section Name        Object

    0x20000000   COMPRESSED   0x00000004   Data   RW          233    .data               usart.o
    0x20000004   COMPRESSED   0x0000000c   Data   RW         1419    .data               stm32f1xx_hal.o
    0x20000010   COMPRESSED   0x00000004   Data   RW         2730    .data               system_stm32f1xx.o
    0x20000014   COMPRESSED   0x000002a9   Data   RW         2951    .data               vl53l0x_api.o
    0x200002bd   COMPRESSED   0x00000003   PAD
    0x200002c0   COMPRESSED   0x00000010   Data   RW         3518    .data               vl53l0x_api_calibration.o
    0x200002d0   COMPRESSED   0x00000008   Data   RW         3863    .data               vl53l0x_i2c_dev.o
    0x200002d8   COMPRESSED   0x00000004   Data   RW         3946    .data               delay.o
    0x200002dc        -       0x00000048   Zero   RW          183    .bss                tim.o
    0x20000324        -       0x00000044   Zero   RW          232    .bss                usart.o
    0x20000368        -       0x00000160   Zero   RW         3861    .bss                vl53l0x_i2c_dev.o
    0x200004c8        -       0x0000001c   Zero   RW         3862    .bss                vl53l0x_i2c_dev.o
    0x200004e4        -       0x00000060   Zero   RW         4097    .bss                c_w.l(libspace.o)
    0x20000544   COMPRESSED   0x00000004   PAD
    0x20000548        -       0x00000200   Zero   RW            2    HEAP                startup_stm32f103xb.o
    0x20000748        -       0x00000400   Zero   RW            1    STACK               startup_stm32f103xb.o


==============================================================================

Image component sizes


      Code (inc. data)   RO Data    RW Data    ZI Data      Debug   Object Name

        98          8          0          4          0       1879   delay.o
       132         12          0          0          0        959   gpio.o
       434        108          0          0          0     427808   main.o
       782         32          0          0          0       6582   st_i2c.o
        64         26        236          0       1536        824   startup_stm32f103xb.o
       164         28          0         12          0       6061   stm32f1xx_hal.o
       196         14          0          0          0      29012   stm32f1xx_hal_cortex.o
       500         34          0          0          0       3599   stm32f1xx_hal_gpio.o
        60          8          0          0          0        910   stm32f1xx_hal_msp.o
      1272        100          0          0          0       5308   stm32f1xx_hal_rcc.o
       902         46          0          0          0       8018   stm32f1xx_hal_tim.o
       188         12          0          0          0       2172   stm32f1xx_hal_tim_ex.o
       282          6          0          0          0       1932   stm32f1xx_hal_uart.o
        20          0          0          0          0       4046   stm32f1xx_it.o
         2          0         24          4          0       1179   system_stm32f1xx.o
       280         32          0          0         72       2391   tim.o
       194         26          0          4         68       4118   usart.o
      3206         64          0        681          0      46249   vl53l0x_api.o
      1714          4          0         16          0      16565   vl53l0x_api_calibration.o
      4054         18          0          0          0      25468   vl53l0x_api_core.o
       360         10          0          8        380       8435   vl53l0x_i2c_dev.o

    ----------------------------------------------------------------------
     14932        588        292        732       2056     603515   Object Totals
         0          0         32          0          0          0   (incl. Generated)
        28          0          0          3          0          0   (incl. Padding)

    ----------------------------------------------------------------------

      Code (inc. data)   RO Data    RW Data    ZI Data      Debug   Library Member Name

       100          0          0          0          0          0   __dclz77c.o
         8          0          0          0          0         68   __main.o
       104          0          0          0          0         84   __printf.o
         0          0          0          0          0          0   __rtentry.o
        12          0          0          0          0          0   __rtentry2.o
         6          0          0          0          0          0   __rtentry4.o
        52          8          0          0          0          0   __scatter.o
        28          0          0          0          0          0   __scatter_zi.o
        44          0          0          0          0        108   _printf_char.o
        48          6          0          0          0         96   _printf_char_common.o
        36          4          0          0          0         80   _printf_char_file.o
         6          0          0          0          0          0   _printf_d.o
       120         16          0          0          0         92   _printf_dec.o
       178          0          0          0          0         88   _printf_intcommon.o
         0          0          0          0          0          0   _printf_percent.o
         4          0          0          0          0          0   _printf_percent_end.o
         6          0          0          0          0          0   _printf_s.o
        82          0          0          0          0         80   _printf_str.o
        18          0          0          0          0         80   exit.o
         8          0          0          0          0         68   ferror.o
         6          0          0          0          0        152   heapauxi.o
         2          0          0          0          0          0   libinit.o
         2          0          0          0          0          0   libinit2.o
         2          0          0          0          0          0   libshutdown.o
         2          0          0          0          0          0   libshutdown2.o
         8          4          0          0         96         68   libspace.o
        24          4          0          0          0         84   noretval__2printf.o
        78          0          0          0          0         80   rt_memclr_w.o
       100          0          0          0          0         80   rt_memcpy_w.o
         2          0          0          0          0          0   rtexit.o
        10          0          0          0          0          0   rtexit2.o
        72          0          0          0          0         80   strcpy.o
        74          0          0          0          0         80   sys_stackheap_outer.o
         2          0          0          0          0         68   use_no_semi.o
         2          0          0          0          0         68   use_no_semi_2.o
        98          4          0          0          0         92   d2f.o
       688        140          0          0          0        208   ddiv.o
        46          0          0          0          0         68   dflt_clz.o
       156          4          0          0          0         92   dnaninf.o
        12          0          0          0          0         68   dretinf.o
        86          4          0          0          0         84   f2d.o
       140          4          0          0          0         84   fnaninf.o
        10          0          0          0          0         68   fretinf.o
         0          0          0          0          0          0   usenofp.o

    ----------------------------------------------------------------------
      2492        198          0          0        100       2368   Library Totals
        10          0          0          0          4          0   (incl. Padding)

    ----------------------------------------------------------------------

      Code (inc. data)   RO Data    RW Data    ZI Data      Debug   Library Name

      1246         42          0          0         96       1604   c_w.l
      1236        156          0          0          0        764   fz_ws.l

    ----------------------------------------------------------------------
      2492        198          0          0        100       2368   Library Totals

    ----------------------------------------------------------------------

==============================================================================


      Code (inc. data)   RO Data    RW Data    ZI Data      Debug   

     17424        786        292        732       2156     597351   Grand Totals
     17424        786        292        664       2156     597351   ELF Image Totals (compressed)
     17424        786        292        664          0          0   ROM Totals

==============================================================================

    Total RO  Size (Code + RO Data)                17716 (  17.30kB)
    Total RW  Size (RW Data + ZI Data)              2888 (   2.82kB)
    Total ROM Size (Code + RO Data + RW Data)      18380 (  17.95kB)

==============================================================================

